<html>
<body>
<pre>
<h1>µVision Build Log</h1>
<h2>Tool Versions:</h2>
IDE-Version: µVision V5.20.0.0
Copyright (C) 2016 ARM Ltd and ARM Germany GmbH. All rights reserved.
License Information: Håkon Alseth, Nordic Semiconductor, LIC=AK159-N36QS-397K9-2LCGN-0CQLT-6GJ3M
 
Tool Versions:
Toolchain:       MDK-ARM Professional  Version: 5.20
Toolchain Path:  C:\Keil\ARM\ARMCC\Bin
C Compiler:      Armcc.exe V5.06 update 2 (build 183)
Assembler:       Armasm.exe V5.06 update 2 (build 183)
Linker/Locator:  ArmLink.exe V5.06 update 2 (build 183)
Library Manager: ArmAr.exe V5.06 update 2 (build 183)
Hex Converter:   FromElf.exe V5.06 update 2 (build 183)
CPU DLL:         
Dialog DLL:      
Target DLL:      Segger\JL2CM3.dll V2.99.20.0
Dialog DLL:      TCM.DLL V1.14.9.0
 
<h2>Project:</h2>
C:\Nordic Semiconductor\nRF5_SDK_11.0.0_89a8197\examples\ble_peripheral\ble_app_hids_keyboard\pca10040\s132\arm5_no_packs\ble_app_hids_keyboard_s132_pca10040.uvprojx
Project File Date:  03/10/2016

<h2>Output:</h2>
*** Using Compiler 'V5.06 update 2 (build 183)', folder: 'C:\Keil\ARM\ARMCC\Bin'
Build target 'nrf52832_xxaa_s132'
compiling bsp.c...
compiling bsp_btn_ble.c...
compiling main.c...
compiling ble_advdata.c...
compiling ble_advertising.c...
compiling ble_bas.c...
compiling ble_conn_params.c...
compiling ble_dis.c...
compiling ble_hids.c...
compiling ble_srv_common.c...
compiling app_uart_fifo.c...
compiling device_manager_peripheral.c...
compiling nrf_drv_common.c...
compiling nrf_delay.c...
compiling nrf_drv_gpiote.c...
compiling nrf_drv_uart.c...
compiling pstorage.c...
compiling app_button.c...
compiling app_error.c...
compiling app_error_weak.c...
compiling app_fifo.c...
compiling app_scheduler.c...
compiling app_trace.c...
compiling app_timer.c...
compiling app_timer_appsh.c...
compiling app_util_platform.c...
compiling fstorage.c...
compiling nrf_assert.c...
compiling sensorsim.c...
compiling RTT_Syscalls_KEIL.c...
compiling SEGGER_RTT.c...
compiling SEGGER_RTT_printf.c...
compiling retarget.c...
compiling nrf_log.c...
assembling arm_startup_nrf52.s...
compiling softdevice_handler.c...
compiling system_nrf52.c...
compiling softdevice_handler_appsh.c...
linking...
Program Size: Code=23392 RO-data=1260 RW-data=436 ZI-data=10604  
FromELF: creating hex file...
".\_build\nrf52832_xxaa_s132.axf" - 0 Error(s), 0 Warning(s).

<h2>Software Packages used:</h2>

Package Vendor: ARM
                http://www.keil.com/pack/ARM.CMSIS.4.5.0.pack
                ARM::CMSIS:CORE:4.3.0
                CMSIS (Cortex Microcontroller Software Interface Standard)
   * Component: CORE Version: 4.3.0

Package Vendor: NordicSemiconductor
                http://developer.nordicsemi.com/nRF5_SDK/pieces/nRF_DeviceFamilyPack/NordicSemiconductor.nRF_DeviceFamilyPack.8.5.0.pack
                NordicSemiconductor::Device:Startup:8.5.0
                Nordic Semiconductor nRF ARM devices Device Family Pack.
   * Component: Startup Version: 8.5.0

<h2>Collection of Component include folders:</h2>
  C:\Nordic Semiconductor\nRF5_SDK_11.0.0_89a8197\examples\ble_peripheral\ble_app_hids_keyboard\pca10040\s132\arm5_no_packs\RTE
  C:\Keil\ARM\PACK\ARM\CMSIS\4.5.0\CMSIS\Include
  C:\Keil\ARM\PACK\NordicSemiconductor\nRF_DeviceFamilyPack\8.5.0\Device\Include

<h2>Collection of Component Files used:</h2>

   * Component: ARM::CMSIS:CORE:4.3.0

   * Component: NordicSemiconductor::Device:Startup:8.5.0
      Source file:   Device\Source\arm\arm_startup_nrf52.s
      Source file:   Device\Source\system_nrf52.c
      Include file:  Device\Include\system_nrf52.h
Build Time Elapsed:  00:00:33
</pre>
</body>
</html>
