Component: ARM Compiler 5.06 update 2 (build 183) Tool: armlink [4d35b7]

==============================================================================

Section Cross References

    main.o(i.assert_nrf_callback) refers to app_error.o(i.app_error_handler) for app_error_handler
    main.o(i.bas_init) refers to memseta.o(.text) for __aeabi_memclr4
    main.o(i.bas_init) refers to ble_bas.o(i.ble_bas_init) for ble_bas_init
    main.o(i.bas_init) refers to app_error.o(i.app_error_handler_bare) for app_error_handler_bare
    main.o(i.bas_init) refers to main.o(.bss) for .bss
    main.o(i.battery_level_meas_timeout_handler) refers to sensorsim.o(i.sensorsim_measure) for sensorsim_measure
    main.o(i.battery_level_meas_timeout_handler) refers to ble_bas.o(i.ble_bas_battery_level_update) for ble_bas_battery_level_update
    main.o(i.battery_level_meas_timeout_handler) refers to app_error.o(i.app_error_handler_bare) for app_error_handler_bare
    main.o(i.battery_level_meas_timeout_handler) refers to main.o(.bss) for .bss
    main.o(i.battery_level_meas_timeout_handler) refers to main.o(.data) for .data
    main.o(i.ble_advertising_error_handler) refers to app_error.o(i.app_error_handler_bare) for app_error_handler_bare
    main.o(i.ble_evt_dispatch) refers to device_manager_peripheral.o(i.dm_ble_evt_handler) for dm_ble_evt_handler
    main.o(i.ble_evt_dispatch) refers to bsp_btn_ble.o(i.bsp_btn_ble_on_ble_evt) for bsp_btn_ble_on_ble_evt
    main.o(i.ble_evt_dispatch) refers to main.o(i.on_ble_evt) for on_ble_evt
    main.o(i.ble_evt_dispatch) refers to ble_advertising.o(i.ble_advertising_on_ble_evt) for ble_advertising_on_ble_evt
    main.o(i.ble_evt_dispatch) refers to ble_conn_params.o(i.ble_conn_params_on_ble_evt) for ble_conn_params_on_ble_evt
    main.o(i.ble_evt_dispatch) refers to ble_hids.o(i.ble_hids_on_ble_evt) for ble_hids_on_ble_evt
    main.o(i.ble_evt_dispatch) refers to ble_bas.o(i.ble_bas_on_ble_evt) for ble_bas_on_ble_evt
    main.o(i.ble_evt_dispatch) refers to main.o(.bss) for .bss
    main.o(i.ble_stack_init) refers to softdevice_handler.o(i.softdevice_handler_init) for softdevice_handler_init
    main.o(i.ble_stack_init) refers to app_error.o(i.app_error_handler_bare) for app_error_handler_bare
    main.o(i.ble_stack_init) refers to softdevice_handler.o(i.softdevice_enable_get_default_config) for softdevice_enable_get_default_config
    main.o(i.ble_stack_init) refers to softdevice_handler.o(i.sd_check_ram_start) for sd_check_ram_start
    main.o(i.ble_stack_init) refers to softdevice_handler.o(i.softdevice_enable) for softdevice_enable
    main.o(i.ble_stack_init) refers to softdevice_handler.o(i.softdevice_ble_evt_handler_set) for softdevice_ble_evt_handler_set
    main.o(i.ble_stack_init) refers to softdevice_handler.o(i.softdevice_sys_evt_handler_set) for softdevice_sys_evt_handler_set
    main.o(i.ble_stack_init) refers to main.o(.constdata) for .constdata
    main.o(i.ble_stack_init) refers to softdevice_handler_appsh.o(i.softdevice_evt_schedule) for softdevice_evt_schedule
    main.o(i.ble_stack_init) refers to main.o(.bss) for .bss
    main.o(i.ble_stack_init) refers to main.o(i.ble_evt_dispatch) for ble_evt_dispatch
    main.o(i.ble_stack_init) refers to main.o(i.sys_evt_dispatch) for sys_evt_dispatch
    main.o(i.bsp_event_handler) refers to main.o(i.keys_send) for keys_send
    main.o(i.bsp_event_handler) refers to main.o(i.sleep_mode_enter) for sleep_mode_enter
    main.o(i.bsp_event_handler) refers to app_error.o(i.app_error_handler_bare) for app_error_handler_bare
    main.o(i.bsp_event_handler) refers to ble_advertising.o(i.ble_advertising_restart_without_whitelist) for ble_advertising_restart_without_whitelist
    main.o(i.bsp_event_handler) refers to main.o(.data) for .data
    main.o(i.buffer_dequeue) refers to main.o(i.send_key_scan_press_release) for send_key_scan_press_release
    main.o(i.buffer_dequeue) refers to main.o(.bss) for .bss
    main.o(i.buffer_enqueue) refers to main.o(.bss) for .bss
    main.o(i.conn_params_error_handler) refers to app_error.o(i.app_error_handler_bare) for app_error_handler_bare
    main.o(i.device_manager_evt_handler) refers to app_error.o(i.app_error_handler_bare) for app_error_handler_bare
    main.o(i.device_manager_evt_handler) refers to main.o(.data) for .data
    main.o(i.device_manager_init) refers to device_manager_peripheral.o(i.dm_handle_initialize) for dm_handle_initialize
    main.o(i.device_manager_init) refers to app_error.o(i.app_error_handler_bare) for app_error_handler_bare
    main.o(i.device_manager_init) refers to pstorage.o(i.pstorage_init) for pstorage_init
    main.o(i.device_manager_init) refers to device_manager_peripheral.o(i.dm_init) for dm_init
    main.o(i.device_manager_init) refers to device_manager_peripheral.o(i.dm_register) for dm_register
    main.o(i.device_manager_init) refers to main.o(.data) for .data
[...]
    gattsc_context_load                      0x0001fb39   Thumb Code     4  device_manager_peripheral.o(i.gattsc_context_load)
    i.gattsc_context_store                   0x0001fb3c   Section        0  device_manager_peripheral.o(i.gattsc_context_store)
    gattsc_context_store                     0x0001fb3d   Thumb Code     4  device_manager_peripheral.o(i.gattsc_context_store)
    i.gpiote_event_handler                   0x0001fb40   Section        0  app_button.o(i.gpiote_event_handler)
    gpiote_event_handler                     0x0001fb41   Thumb Code    78  app_button.o(i.gpiote_event_handler)
    i.head_restore_state_run                 0x0001fb98   Section        0  pstorage.o(i.head_restore_state_run)
    head_restore_state_run                   0x0001fb99   Thumb Code   110  pstorage.o(i.head_restore_state_run)
    i.hid_control_point_char_add             0x0001fc10   Section        0  ble_hids.o(i.hid_control_point_char_add)
    hid_control_point_char_add               0x0001fc11   Thumb Code   138  ble_hids.o(i.hid_control_point_char_add)
    i.hid_information_char_add               0x0001fc9a   Section        0  ble_hids.o(i.hid_information_char_add)
    hid_information_char_add                 0x0001fc9b   Thumb Code   166  ble_hids.o(i.hid_information_char_add)
    i.hids_init                              0x0001fd40   Section        0  main.o(i.hids_init)
    hids_init                                0x0001fd41   Thumb Code   472  main.o(i.hids_init)
    i.inp_rep_characteristics_add            0x0001ff28   Section        0  ble_hids.o(i.inp_rep_characteristics_add)
    inp_rep_characteristics_add              0x0001ff29   Thumb Code   120  ble_hids.o(i.inp_rep_characteristics_add)
    i.intern_softdevice_events_execute       0x0001ffa0   Section        0  softdevice_handler.o(i.intern_softdevice_events_execute)
    i.is_conn_params_ok                      0x00020010   Section        0  ble_conn_params.o(i.is_conn_params_ok)
    is_conn_params_ok                        0x00020011   Thumb Code    24  ble_conn_params.o(i.is_conn_params_ok)
    i.is_page_erase_required                 0x0002002c   Section        0  pstorage.o(i.is_page_erase_required)
    is_page_erase_required                   0x0002002d   Thumb Code    60  pstorage.o(i.is_page_erase_required)
    i.is_word_aligned                        0x00020070   Section        0  pstorage.o(i.is_word_aligned)
    is_word_aligned                          0x00020071   Thumb Code    12  pstorage.o(i.is_word_aligned)
    i.keys_send                              0x0002007c   Section        0  main.o(i.keys_send)
    keys_send                                0x0002007d   Thumb Code    70  main.o(i.keys_send)
    i.le_role_encode                         0x000200c8   Section        0  ble_advdata.o(i.le_role_encode)
    le_role_encode                           0x000200c9   Thumb Code    84  ble_advdata.o(i.le_role_encode)
    i.leds_timer_handler                     0x0002011c   Section        0  bsp.o(i.leds_timer_handler)
    leds_timer_handler                       0x0002011d   Thumb Code    16  bsp.o(i.leds_timer_handler)
    i.list_deletions_handler                 0x00020130   Section        0  app_timer.o(i.list_deletions_handler)
    list_deletions_handler                   0x00020131   Thumb Code   178  app_timer.o(i.list_deletions_handler)
    i.list_insertions_handler                0x000201ec   Section        0  app_timer.o(i.list_insertions_handler)
    list_insertions_handler                  0x000201ed   Thumb Code   196  app_timer.o(i.list_insertions_handler)
    i.main                                   0x000202b8   Section        0  main.o(i.main)
    i.main_state_err_busy_process            0x00020434   Section        0  pstorage.o(i.main_state_err_busy_process)
    main_state_err_busy_process              0x00020435   Thumb Code    16  pstorage.o(i.main_state_err_busy_process)
    i.make_char_id                           0x00020448   Section        0  ble_hids.o(i.make_char_id)
    make_char_id                             0x00020449   Thumb Code    18  ble_hids.o(i.make_char_id)
    i.manuf_specific_data_encode             0x0002045a   Section        0  ble_advdata.o(i.manuf_specific_data_encode)
    manuf_specific_data_encode               0x0002045b   Thumb Code   100  ble_advdata.o(i.manuf_specific_data_encode)
    i.name_encode                            0x000204be   Section        0  ble_advdata.o(i.name_encode)
    name_encode                              0x000204bf   Thumb Code   156  ble_advdata.o(i.name_encode)
    i.no_service_context_apply               0x0002055a   Section        0  device_manager_peripheral.o(i.no_service_context_apply)
    no_service_context_apply                 0x0002055b   Thumb Code     4  device_manager_peripheral.o(i.no_service_context_apply)
    i.no_service_context_load                0x0002055e   Section        0  device_manager_peripheral.o(i.no_service_context_load)
    no_service_context_load                  0x0002055f   Thumb Code     4  device_manager_peripheral.o(i.no_service_context_load)
    i.no_service_context_store               0x00020562   Section        0  device_manager_peripheral.o(i.no_service_context_store)
    no_service_context_store                 0x00020563   Thumb Code     4  device_manager_peripheral.o(i.no_service_context_store)
    i.nrf_drv_common_irq_enable              0x00020566   Section        0  nrf_drv_common.o(i.nrf_drv_common_irq_enable)
    i.nrf_drv_gpiote_in_event_enable         0x000205a0   Section        0  nrf_drv_gpiote.o(i.nrf_drv_gpiote_in_event_enable)
    i.nrf_drv_gpiote_in_init                 0x00020644   Section        0  nrf_drv_gpiote.o(i.nrf_drv_gpiote_in_init)
    i.nrf_drv_gpiote_in_is_set               0x000206fc   Section        0  nrf_drv_gpiote.o(i.nrf_drv_gpiote_in_is_set)
    i.nrf_drv_gpiote_init                    0x00020710   Section        0  nrf_drv_gpiote.o(i.nrf_drv_gpiote_init)
    i.nrf_drv_gpiote_is_init                 0x00020764   Section        0  nrf_drv_gpiote.o(i.nrf_drv_gpiote_is_init)
    i.nrf_gpio_cfg                           0x00020778   Section        0  nrf_drv_gpiote.o(i.nrf_gpio_cfg)
    nrf_gpio_cfg                             0x00020779   Thumb Code    34  nrf_drv_gpiote.o(i.nrf_gpio_cfg)
    i.nrf_gpio_cfg_sense_set                 0x0002079a   Section        0  nrf_drv_gpiote.o(i.nrf_gpio_cfg_sense_set)
    nrf_gpio_cfg_sense_set                   0x0002079b   Thumb Code    28  nrf_drv_gpiote.o(i.nrf_gpio_cfg_sense_set)
    i.nrf_gpiote_event_clear                 0x000207b8   Section        0  nrf_drv_gpiote.o(i.nrf_gpiote_event_clear)
    nrf_gpiote_event_clear                   0x000207b9   Thumb Code    16  nrf_drv_gpiote.o(i.nrf_gpiote_event_clear)
    i.nrf_gpiote_event_is_set                0x000207cc   Section        0  nrf_drv_gpiote.o(i.nrf_gpiote_event_is_set)
    nrf_gpiote_event_is_set                  0x000207cd   Thumb Code    12  nrf_drv_gpiote.o(i.nrf_gpiote_event_is_set)
    i.nrf_uart_event_check                   0x000207dc   Section        0  nrf_drv_uart.o(i.nrf_uart_event_check)
    nrf_uart_event_check                     0x000207dd   Thumb Code    10  nrf_drv_uart.o(i.nrf_uart_event_check)
    i.nrf_uart_int_enable_check              0x000207e6   Section        0  nrf_drv_uart.o(i.nrf_uart_int_enable_check)
    nrf_uart_int_enable_check                0x000207e7   Thumb Code    12  nrf_drv_uart.o(i.nrf_uart_int_enable_check)
    i.nrf_uarte_event_check                  0x000207f2   Section        0  nrf_drv_uart.o(i.nrf_uarte_event_check)
    nrf_uarte_event_check                    0x000207f3   Thumb Code    10  nrf_drv_uart.o(i.nrf_uarte_event_check)
    i.on_adv_evt                             0x000207fc   Section        0  main.o(i.on_adv_evt)
    on_adv_evt                               0x000207fd   Thumb Code   158  main.o(i.on_adv_evt)
    i.on_ble_evt                             0x000208a0   Section        0  main.o(i.on_ble_evt)
    on_ble_evt                               0x000208a1   Thumb Code   164  main.o(i.on_ble_evt)
    i.on_hid_rep_char_write                  0x00020948   Section        0  main.o(i.on_hid_rep_char_write)
    on_hid_rep_char_write                    0x00020949   Thumb Code   112  main.o(i.on_hid_rep_char_write)
    i.on_hids_evt                            0x000209c0   Section        0  main.o(i.on_hids_evt)
    on_hids_evt                              0x000209c1   Thumb Code   100  main.o(i.on_hids_evt)
    i.on_report_cccd_write                   0x00020a28   Section        0  ble_hids.o(i.on_report_cccd_write)
    on_report_cccd_write                     0x00020a29   Thumb Code    48  ble_hids.o(i.on_report_cccd_write)
    i.on_report_value_write                  0x00020a58   Section        0  ble_hids.o(i.on_report_value_write)
    on_report_value_write                    0x00020a59   Thumb Code    46  ble_hids.o(i.on_report_value_write)
    i.on_write                               0x00020a88   Section        0  ble_hids.o(i.on_write)
    on_write                                 0x00020a89   Thumb Code   250  ble_hids.o(i.on_write)
    i.outp_rep_characteristics_add           0x00020b82   Section        0  ble_hids.o(i.outp_rep_characteristics_add)
    outp_rep_characteristics_add             0x00020b83   Thumb Code    96  ble_hids.o(i.outp_rep_characteristics_add)
    i.peer_address_exists                    0x00020be2   Section        0  ble_advertising.o(i.peer_address_exists)
    peer_address_exists                      0x00020be3   Thumb Code    20  ble_advertising.o(i.peer_address_exists)
    i.peer_instance_init                     0x00020bf8   Section        0  device_manager_peripheral.o(i.peer_instance_init)
    peer_instance_init                       0x00020bf9   Thumb Code    54  device_manager_peripheral.o(i.peer_instance_init)
    i.pin_in_use_by_port                     0x00020c34   Section        0  nrf_drv_gpiote.o(i.pin_in_use_by_port)
    pin_in_use_by_port                       0x00020c35   Thumb Code    20  nrf_drv_gpiote.o(i.pin_in_use_by_port)
    i.pin_in_use_by_te                       0x00020c4c   Section        0  nrf_drv_gpiote.o(i.pin_in_use_by_te)
    pin_in_use_by_te                         0x00020c4d   Thumb Code    20  nrf_drv_gpiote.o(i.pin_in_use_by_te)
    i.pnp_id_encode                          0x00020c64   Section        0  ble_dis.o(i.pnp_id_encode)
    pnp_id_encode                            0x00020c65   Thumb Code    52  ble_dis.o(i.pnp_id_encode)
    i.protocol_mode_char_add                 0x00020c98   Section        0  ble_hids.o(i.protocol_mode_char_add)
    protocol_mode_char_add                   0x00020c99   Thumb Code   138  ble_hids.o(i.protocol_mode_char_add)
    i.pstorage_access_status_get             0x00020d24   Section        0  pstorage.o(i.pstorage_access_status_get)
    i.pstorage_block_identifier_get          0x00020d48   Section        0  pstorage.o(i.pstorage_block_identifier_get)
    i.pstorage_clear                         0x00020d94   Section        0  pstorage.o(i.pstorage_clear)
    i.pstorage_flash_page_end                0x00020e28   Section        0  pstorage.o(i.pstorage_flash_page_end)
    pstorage_flash_page_end                  0x00020e29   Thumb Code    30  pstorage.o(i.pstorage_flash_page_end)
    i.pstorage_flash_page_size               0x00020e46   Section        0  pstorage.o(i.pstorage_flash_page_size)
    pstorage_flash_page_size                 0x00020e47   Thumb Code    10  pstorage.o(i.pstorage_flash_page_size)
    i.pstorage_init                          0x00020e50   Section        0  pstorage.o(i.pstorage_init)
    i.pstorage_load                          0x00020e9c   Section        0  pstorage.o(i.pstorage_load)
    i.pstorage_register                      0x00020f38   Section        0  pstorage.o(i.pstorage_register)
    i.pstorage_store                         0x00020fec   Section        0  pstorage.o(i.pstorage_store)
    i.pstorage_sys_event_handler             0x0002106c   Section        0  pstorage.o(i.pstorage_sys_event_handler)
    i.pstorage_update                        0x000210b4   Section        0  pstorage.o(i.pstorage_update)
    i.rep_char_add                           0x00021134   Section        0  ble_hids.o(i.rep_char_add)
    rep_char_add                             0x00021135   Thumb Code   306  ble_hids.o(i.rep_char_add)
    i.rep_map_char_add                       0x00021266   Section        0  ble_hids.o(i.rep_map_char_add)
    rep_map_char_add                         0x00021267   Thumb Code   318  ble_hids.o(i.rep_map_char_add)
    i.rep_value_identify                     0x000213a4   Section        0  ble_hids.o(i.rep_value_identify)
    rep_value_identify                       0x000213a5   Thumb Code   130  ble_hids.o(i.rep_value_identify)
    i.rtc1_stop                              0x00021428   Section        0  app_timer.o(i.rtc1_stop)
    rtc1_stop                                0x00021429   Thumb Code    52  app_timer.o(i.rtc1_stop)
    i.rx_byte                                0x00021464   Section        0  nrf_drv_uart.o(i.rx_byte)
    rx_byte                                  0x00021465   Thumb Code    38  nrf_drv_uart.o(i.rx_byte)
    i.rx_done_event                          0x00021494   Section        0  nrf_drv_uart.o(i.rx_done_event)
    rx_done_event                            0x00021495   Thumb Code    26  nrf_drv_uart.o(i.rx_done_event)
    i.sd_check_ram_start                     0x000214b4   Section        0  softdevice_handler.o(i.sd_check_ram_start)
    i.sd_nvic_EnableIRQ                      0x000214c4   Section        0  softdevice_handler.o(i.sd_nvic_EnableIRQ)
    sd_nvic_EnableIRQ                        0x000214c5   Thumb Code   128  softdevice_handler.o(i.sd_nvic_EnableIRQ)
    i.send_key_scan_press_release            0x0002154c   Section        0  main.o(i.send_key_scan_press_release)
    send_key_scan_press_release              0x0002154d   Thumb Code   124  main.o(i.send_key_scan_press_release)
    i.sensorsim_decrement                    0x000215cc   Section        0  sensorsim.o(i.sensorsim_decrement)
    i.sensorsim_increment                    0x000215e8   Section        0  sensorsim.o(i.sensorsim_increment)
    i.sensorsim_init                         0x00021604   Section        0  sensorsim.o(i.sensorsim_init)
    i.sensorsim_measure                      0x0002161a   Section        0  sensorsim.o(i.sensorsim_measure)
    i.service_data_encode                    0x00021634   Section        0  ble_advdata.o(i.service_data_encode)
    service_data_encode                      0x00021635   Thumb Code   136  ble_advdata.o(i.service_data_encode)
    i.service_error_handler                  0x000216bc   Section        0  main.o(i.service_error_handler)
    service_error_handler                    0x000216bd   Thumb Code     4  main.o(i.service_error_handler)
    i.sleep_mode_enter                       0x000216c0   Section        0  main.o(i.sleep_mode_enter)
    sleep_mode_enter                         0x000216c1   Thumb Code    40  main.o(i.sleep_mode_enter)
    i.sm_state_change                        0x000216e8   Section        0  pstorage.o(i.sm_state_change)
    sm_state_change                          0x000216e9   Thumb Code    52  pstorage.o(i.sm_state_change)
    i.softdevice_ble_evt_handler_set         0x00021724   Section        0  softdevice_handler.o(i.softdevice_ble_evt_handler_set)
    i.softdevice_enable                      0x00021738   Section        0  softdevice_handler.o(i.softdevice_enable)
    i.softdevice_enable_get_default_config   0x0002174c   Section        0  softdevice_handler.o(i.softdevice_enable_get_default_config)
    i.softdevice_evt_get                     0x00021772   Section        0  softdevice_handler_appsh.o(i.softdevice_evt_get)
    i.softdevice_evt_schedule                0x00021784   Section        0  softdevice_handler_appsh.o(i.softdevice_evt_schedule)
    i.softdevice_fault_handler               0x00021794   Section        0  softdevice_handler.o(i.softdevice_fault_handler)
    i.softdevice_handler_init                0x00021798   Section        0  softdevice_handler.o(i.softdevice_handler_init)
    i.softdevice_sys_evt_handler_set         0x000217cc   Section        0  softdevice_handler.o(i.softdevice_sys_evt_handler_set)
    i.state_data_erase_swap_entry_run        0x000217e0   Section        0  pstorage.o(i.state_data_erase_swap_entry_run)
    state_data_erase_swap_entry_run          0x000217e1   Thumb Code    96  pstorage.o(i.state_data_erase_swap_entry_run)
    i.state_erase_data_page_entry_run        0x00021848   Section        0  pstorage.o(i.state_erase_data_page_entry_run)
    state_erase_data_page_entry_run          0x00021849   Thumb Code     8  pstorage.o(i.state_erase_data_page_entry_run)
    i.state_restore_head_entry_run           0x00021854   Section        0  pstorage.o(i.state_restore_head_entry_run)
    state_restore_head_entry_run             0x00021855   Thumb Code    38  pstorage.o(i.state_restore_head_entry_run)
    i.state_restore_tail_entry_run           0x00021880   Section        0  pstorage.o(i.state_restore_tail_entry_run)
    state_restore_tail_entry_run             0x00021881   Thumb Code    72  pstorage.o(i.state_restore_tail_entry_run)
    i.state_swap_erase_entry_run             0x000218d0   Section        0  pstorage.o(i.state_swap_erase_entry_run)
    state_swap_erase_entry_run               0x000218d1   Thumb Code    30  pstorage.o(i.state_swap_erase_entry_run)
    i.state_write_data_swap_entry_run        0x000218f0   Section        0  pstorage.o(i.state_write_data_swap_entry_run)
    state_write_data_swap_entry_run          0x000218f1   Thumb Code    44  pstorage.o(i.state_write_data_swap_entry_run)
    i.storage_operation_dummy_handler        0x00021920   Section        0  device_manager_peripheral.o(i.storage_operation_dummy_handler)
    storage_operation_dummy_handler          0x00021921   Thumb Code     4  device_manager_peripheral.o(i.storage_operation_dummy_handler)
    i.store_cmd_flash_write_execute          0x00021924   Section        0  pstorage.o(i.store_cmd_flash_write_execute)
    store_cmd_flash_write_execute            0x00021925   Thumb Code    84  pstorage.o(i.store_cmd_flash_write_execute)
    i.swap_erase_state_run                   0x00021980   Section        0  pstorage.o(i.swap_erase_state_run)
    swap_erase_state_run                     0x00021981   Thumb Code    18  pstorage.o(i.swap_erase_state_run)
    i.swap_sub_state_err_busy_process        0x00021998   Section        0  pstorage.o(i.swap_sub_state_err_busy_process)
    swap_sub_state_err_busy_process          0x00021999   Thumb Code    16  pstorage.o(i.swap_sub_state_err_busy_process)
    i.swap_sub_state_state_change            0x000219ac   Section        0  pstorage.o(i.swap_sub_state_state_change)
    swap_sub_state_state_change              0x000219ad   Thumb Code    12  pstorage.o(i.swap_sub_state_state_change)
    i.sys_evt_dispatch                       0x000219c0   Section        0  main.o(i.sys_evt_dispatch)
    sys_evt_dispatch                         0x000219c1   Thumb Code    18  main.o(i.sys_evt_dispatch)
    i.sys_id_encode                          0x000219d2   Section        0  ble_dis.o(i.sys_id_encode)
    sys_id_encode                            0x000219d3   Thumb Code    66  ble_dis.o(i.sys_id_encode)
    i.tail_restore_state_run                 0x00021a14   Section        0  pstorage.o(i.tail_restore_state_run)
    tail_restore_state_run                   0x00021a15   Thumb Code    16  pstorage.o(i.tail_restore_state_run)
    i.timer_list_handler                     0x00021a28   Section        0  app_timer.o(i.timer_list_handler)
    timer_list_handler                       0x00021a29   Thumb Code   134  app_timer.o(i.timer_list_handler)
    i.timer_list_insert                      0x00021ab4   Section        0  app_timer.o(i.timer_list_insert)
    timer_list_insert                        0x00021ab5   Thumb Code    56  app_timer.o(i.timer_list_insert)
    i.timer_timeouts_check                   0x00021af0   Section        0  app_timer.o(i.timer_timeouts_check)
    timer_timeouts_check                     0x00021af1   Thumb Code   124  app_timer.o(i.timer_timeouts_check)
    i.tx_byte                                0x00021b74   Section        0  nrf_drv_uart.o(i.tx_byte)
    tx_byte                                  0x00021b75   Thumb Code    28  nrf_drv_uart.o(i.tx_byte)
    i.tx_done_event                          0x00021b98   Section        0  nrf_drv_uart.o(i.tx_done_event)
    tx_done_event                            0x00021b99   Thumb Code    30  nrf_drv_uart.o(i.tx_done_event)
    i.uart_irq_handler                       0x00021bbc   Section        0  nrf_drv_uart.o(i.uart_irq_handler)
    uart_irq_handler                         0x00021bbd   Thumb Code   254  nrf_drv_uart.o(i.uart_irq_handler)
    i.uarte_irq_handler                      0x00021cc4   Section        0  nrf_drv_uart.o(i.uarte_irq_handler)
    uarte_irq_handler                        0x00021cc5   Thumb Code   206  nrf_drv_uart.o(i.uarte_irq_handler)
    i.uint16_encode                          0x00021d9c   Section        0  ble_advdata.o(i.uint16_encode)
    uint16_encode                            0x00021d9d   Thumb Code    10  ble_advdata.o(i.uint16_encode)
    i.update_status_bit_reset                0x00021da8   Section        0  device_manager_peripheral.o(i.update_status_bit_reset)
    update_status_bit_reset                  0x00021da9   Thumb Code    14  device_manager_peripheral.o(i.update_status_bit_reset)
    i.update_timeout_handler                 0x00021dbc   Section        0  ble_conn_params.o(i.update_timeout_handler)
    update_timeout_handler                   0x00021dbd   Thumb Code    88  ble_conn_params.o(i.update_timeout_handler)
    i.user_id_get                            0x00021e1c   Section        0  app_timer.o(i.user_id_get)
    user_id_get                              0x00021e1d   Thumb Code    62  app_timer.o(i.user_id_get)
    i.user_op_alloc                          0x00021e5a   Section        0  app_timer.o(i.user_op_alloc)
    user_op_alloc                            0x00021e5b   Thumb Code    40  app_timer.o(i.user_op_alloc)
    i.uuid_list_encode                       0x00021e82   Section        0  ble_advdata.o(i.uuid_list_encode)
    uuid_list_encode                         0x00021e83   Thumb Code    48  ble_advdata.o(i.uuid_list_encode)
    i.uuid_list_sized_encode                 0x00021eb2   Section        0  ble_advdata.o(i.uuid_list_sized_encode)
    uuid_list_sized_encode                   0x00021eb3   Thumb Code   158  ble_advdata.o(i.uuid_list_sized_encode)
    i.whitelist_has_entries                  0x00021f50   Section        0  ble_advertising.o(i.whitelist_has_entries)
    whitelist_has_entries                    0x00021f51   Thumb Code    14  ble_advertising.o(i.whitelist_has_entries)
    .constdata                               0x00021f60   Section       44  main.o(.constdata)
    m_battery_timer_id                       0x00021f60   Data           4  main.o(.constdata)
    .constdata                               0x00021f8c   Section       60  bsp.o(.constdata)
    m_leds_timer_id                          0x00021f8c   Data           4  bsp.o(.constdata)
    m_alert_timer_id                         0x00021f90   Data           4  bsp.o(.constdata)
    m_button_timer_id                        0x00021f94   Data           4  bsp.o(.constdata)
    m_buttons_list                           0x00021f98   Data          16  bsp.o(.constdata)
    app_buttons                              0x00021fa8   Data          32  bsp.o(.constdata)
    .constdata                               0x00021fc8   Section        4  ble_conn_params.o(.constdata)
    m_conn_params_timer_id                   0x00021fc8   Data           4  ble_conn_params.o(.constdata)
    .constdata                               0x00021fcc   Section       48  device_manager_peripheral.o(.constdata)
    .constdata                               0x00021ffc   Section       40  pstorage.o(.constdata)
    swap_sub_state_sm_lut                    0x00021ffc   Data          20  pstorage.o(.constdata)
    swap_sub_state_sm_lut                    0x00022010   Data          20  pstorage.o(.constdata)
    .constdata                               0x00022024   Section        8  app_button.o(.constdata)
    m_detection_delay_timer_id               0x00022024   Data           4  app_button.o(.constdata)
    .data                                    0x20002080   Section      124  main.o(.data)
    m_in_boot_mode                           0x20002080   Data           1  main.o(.data)
    m_caps_on                                0x20002081   Data           1  main.o(.data)
    size                                     0x20002082   Data           1  main.o(.data)
    m_app_handle                             0x20002083   Data           1  main.o(.data)
    m_conn_handle                            0x20002084   Data           2  main.o(.data)
    m_adv_uuids                              0x20002086   Data           4  main.o(.data)
    p_key                                    0x2000208c   Data           4  main.o(.data)
    m_bonded_peer_handle                     0x20002090   Data           4  main.o(.data)
    m_sample_key_press_scan_str              0x20002094   Data           6  main.o(.data)
    m_caps_on_key_scan_str                   0x2000209a   Data           6  main.o(.data)
    m_caps_off_key_scan_str                  0x200020a0   Data           6  main.o(.data)
    m_battery_sim_state                      0x200020a8   Data           8  main.o(.data)
    report_map_data                          0x200020b0   Data          76  main.o(.data)
    .data                                    0x200020fc   Section       24  bsp.o(.data)
    m_stable_state                           0x200020fc   Data           1  bsp.o(.data)
    current_long_push_pin_no                 0x200020fd   Data           1  bsp.o(.data)
    m_app_ticks_per_100ms                    0x20002100   Data           4  bsp.o(.data)
    m_indication_type                        0x20002104   Data           4  bsp.o(.data)
    m_alert_mask                             0x20002108   Data           4  bsp.o(.data)
    m_registered_callback                    0x2000210c   Data           4  bsp.o(.data)
    release_event_at_push                    0x20002110   Data           4  bsp.o(.data)
    .data                                    0x20002114   Section        8  bsp_btn_ble.o(.data)
    m_error_handler                          0x20002114   Data           4  bsp_btn_ble.o(.data)
    m_num_connections                        0x20002118   Data           4  bsp_btn_ble.o(.data)
    .data                                    0x2000211c   Section       31  ble_advertising.o(.data)
    m_advertising_start_pending              0x2000211c   Data           1  ble_advertising.o(.data)
    m_whitelist_temporarily_disabled         0x2000211d   Data           1  ble_advertising.o(.data)
    m_whitelist_reply_expected               0x2000211e   Data           1  ble_advertising.o(.data)
    m_peer_addr_reply_expected               0x2000211f   Data           1  ble_advertising.o(.data)
    m_adv_evt                                0x20002120   Data           1  ble_advertising.o(.data)
    m_adv_mode_current                       0x20002121   Data           1  ble_advertising.o(.data)
    m_tx_power_level                         0x20002122   Data           1  ble_advertising.o(.data)
    current_slave_link_conn_handle           0x20002124   Data           2  ble_advertising.o(.data)
    m_evt_handler                            0x20002128   Data           4  ble_advertising.o(.data)
    m_error_handler                          0x2000212c   Data           4  ble_advertising.o(.data)
    m_slave_conn_int                         0x20002130   Data           4  ble_advertising.o(.data)
    m_peer_address                           0x20002134   Data           7  ble_advertising.o(.data)
    .data                                    0x2000213c   Section       20  ble_conn_params.o(.data)
    m_change_param                           0x2000213c   Data           1  ble_conn_params.o(.data)
    m_update_count                           0x2000213d   Data           1  ble_conn_params.o(.data)
    m_conn_handle                            0x2000213e   Data           2  ble_conn_params.o(.data)
    m_preferred_conn_params                  0x20002140   Data           8  ble_conn_params.o(.data)
    m_current_conn_params                    0x20002148   Data           8  ble_conn_params.o(.data)
    .data                                    0x20002150   Section       74  ble_dis.o(.data)
    service_handle                           0x20002150   Data           2  ble_dis.o(.data)
    manufact_name_handles                    0x20002152   Data           8  ble_dis.o(.data)
    model_num_handles                        0x2000215a   Data           8  ble_dis.o(.data)
    serial_num_handles                       0x20002162   Data           8  ble_dis.o(.data)
    hw_rev_handles                           0x2000216a   Data           8  ble_dis.o(.data)
    fw_rev_handles                           0x20002172   Data           8  ble_dis.o(.data)
    sw_rev_handles                           0x2000217a   Data           8  ble_dis.o(.data)
    sys_id_handles                           0x20002182   Data           8  ble_dis.o(.data)
    reg_cert_data_list_handles               0x2000218a   Data           8  ble_dis.o(.data)
    pnp_id_handles                           0x20002192   Data           8  ble_dis.o(.data)
    .data                                    0x2000219c   Section       24  device_manager_peripheral.o(.data)
    m_module_initialized                     0x2000219c   Data           1  device_manager_peripheral.o(.data)
    m_peer_addr_update                       0x200021a0   Data           4  device_manager_peripheral.o(.data)
    m_irk_index_table                        0x200021a4   Data           7  device_manager_peripheral.o(.data)
    m_storage_handle                         0x200021ac   Data           8  device_manager_peripheral.o(.data)
    .data                                    0x200021b4   Section       36  pstorage.o(.data)
    m_state                                  0x200021b4   Data           1  pstorage.o(.data)
    m_swap_sub_state                         0x200021b5   Data           1  pstorage.o(.data)
    m_next_app_instance                      0x200021b6   Data           2  pstorage.o(.data)
    m_flags                                  0x200021b8   Data           4  pstorage.o(.data)
    m_next_page_addr                         0x200021bc   Data           4  pstorage.o(.data)
    m_head_word_size                         0x200021c0   Data           4  pstorage.o(.data)
    m_tail_word_size                         0x200021c4   Data           4  pstorage.o(.data)
    m_current_page_id                        0x200021c8   Data           4  pstorage.o(.data)
    m_num_of_command_retries                 0x200021cc   Data           4  pstorage.o(.data)
    m_num_of_bytes_written                   0x200021d0   Data           4  pstorage.o(.data)
    m_app_data_size                          0x200021d4   Data           4  pstorage.o(.data)
    .data                                    0x200021d8   Section       20  app_button.o(.data)
    m_button_count                           0x200021d8   Data           1  app_button.o(.data)
    mp_buttons                               0x200021dc   Data           4  app_button.o(.data)
    m_detection_delay                        0x200021e0   Data           4  app_button.o(.data)
    m_pin_state                              0x200021e4   Data           4  app_button.o(.data)
    m_pin_transition                         0x200021e8   Data           4  app_button.o(.data)
    .data                                    0x200021ec   Section       16  app_scheduler.o(.data)
    m_queue_start_index                      0x200021ec   Data           1  app_scheduler.o(.data)
    m_queue_end_index                        0x200021ed   Data           1  app_scheduler.o(.data)
    m_queue_event_size                       0x200021ee   Data           2  app_scheduler.o(.data)
    m_queue_size                             0x200021f0   Data           2  app_scheduler.o(.data)
    m_queue_event_headers                    0x200021f4   Data           4  app_scheduler.o(.data)
    m_queue_event_data                       0x200021f8   Data           4  app_scheduler.o(.data)
    .data                                    0x200021fc   Section       32  app_timer.o(.data)
    m_user_array_size                        0x200021fc   Data           1  app_timer.o(.data)
    m_ticks_elapsed_q_read_ind               0x200021fd   Data           1  app_timer.o(.data)
    m_ticks_elapsed_q_write_ind              0x200021fe   Data           1  app_timer.o(.data)
    m_rtc1_running                           0x200021ff   Data           1  app_timer.o(.data)
    m_rtc1_reset                             0x20002200   Data           1  app_timer.o(.data)
    mp_users                                 0x20002204   Data           4  app_timer.o(.data)
    mp_timer_id_head                         0x20002208   Data           4  app_timer.o(.data)
    m_ticks_latest                           0x2000220c   Data           4  app_timer.o(.data)
    m_evt_schedule_func                      0x20002210   Data           4  app_timer.o(.data)
    m_ticks_elapsed                          0x20002214   Data           8  app_timer.o(.data)
    .data                                    0x2000221c   Section       20  softdevice_handler.o(.data)
    m_softdevice_enabled                     0x2000221c   Data           1  softdevice_handler.o(.data)
    m_ble_evt_buffer_size                    0x2000221e   Data           2  softdevice_handler.o(.data)
    m_evt_schedule_func                      0x20002220   Data           4  softdevice_handler.o(.data)
    mp_ble_evt_buffer                        0x20002224   Data           4  softdevice_handler.o(.data)
    m_ble_evt_handler                        0x20002228   Data           4  softdevice_handler.o(.data)
    m_sys_evt_handler                        0x2000222c   Data           4  softdevice_handler.o(.data)
    .data                                    0x20002230   Section        4  system_nrf52.o(.data)
    __tagsym$$used                           0x20002230   Number         0  system_nrf52.o(.data)
    .bss                                     0x20002234   Section       32  main.o(.bss)
    m_battery_timer_id_data                  0x20002234   Data          32  main.o(.bss)
    .bss                                     0x20002254   Section     1184  main.o(.bss)
    APP_TIMER_BUF                            0x20002254   Data         456  main.o(.bss)
    BLE_EVT_BUFFER                           0x2000241c   Data          72  main.o(.bss)
    APP_SCHED_BUF                            0x20002464   Data         176  main.o(.bss)
    m_hids                                   0x20002514   Data         376  main.o(.bss)
    m_bas                                    0x2000268c   Data          24  main.o(.bss)
    m_battery_sim_cfg                        0x200026a4   Data          16  main.o(.bss)
    buffer_list                              0x200026b4   Data          64  main.o(.bss)
    .bss                                     0x200026f4   Section       32  bsp.o(.bss)
    m_leds_timer_id_data                     0x200026f4   Data          32  bsp.o(.bss)
    .bss                                     0x20002714   Section       32  bsp.o(.bss)
    m_alert_timer_id_data                    0x20002714   Data          32  bsp.o(.bss)
    .bss                                     0x20002734   Section       12  bsp.o(.bss)
    m_events_list                            0x20002734   Data          12  bsp.o(.bss)
    .bss                                     0x20002740   Section       32  bsp.o(.bss)
    m_button_timer_id_data                   0x20002740   Data          32  bsp.o(.bss)
    .bss                                     0x20002760   Section      259  ble_advertising.o(.bss)
    m_advdata                                0x20002760   Data          56  ble_advertising.o(.bss)
    m_adv_modes_config                       0x20002798   Data          36  ble_advertising.o(.bss)
    m_whitelist                              0x200027bc   Data          16  ble_advertising.o(.bss)
    mp_whitelist_addr                        0x200027cc   Data          32  ble_advertising.o(.bss)
    mp_whitelist_irk                         0x200027ec   Data          32  ble_advertising.o(.bss)
    m_manuf_specific_data                    0x2000280c   Data          12  ble_advertising.o(.bss)
    m_manuf_data_array                       0x20002818   Data          31  ble_advertising.o(.bss)
    m_service_data                           0x20002838   Data          12  ble_advertising.o(.bss)
    m_service_data_array                     0x20002844   Data          31  ble_advertising.o(.bss)
    .bss                                     0x20002864   Section       32  ble_conn_params.o(.bss)
    m_conn_params_timer_id_data              0x20002864   Data          32  ble_conn_params.o(.bss)
    .bss                                     0x20002884   Section       28  ble_conn_params.o(.bss)
    m_conn_params_config                     0x20002884   Data          28  ble_conn_params.o(.bss)
    .bss                                     0x200028a0   Section      299  device_manager_peripheral.o(.bss)
    m_peer_table                             0x200028a0   Data         196  device_manager_peripheral.o(.bss)
    m_bond_table                             0x20002964   Data          28  device_manager_peripheral.o(.bss)
    m_gatts_table                            0x20002980   Data          28  device_manager_peripheral.o(.bss)
    m_connection_table                       0x2000299c   Data          12  device_manager_peripheral.o(.bss)
    m_application_table                      0x200029a8   Data          12  device_manager_peripheral.o(.bss)
    m_local_id_info                          0x200029b4   Data          23  device_manager_peripheral.o(.bss)
    .bss                                     0x200029cc   Section       88  nrf_drv_gpiote.o(.bss)
    m_cb                                     0x200029cc   Data          88  nrf_drv_gpiote.o(.bss)
    .bss                                     0x20002a24   Section       32  nrf_drv_uart.o(.bss)
    m_cb                                     0x20002a24   Data          32  nrf_drv_uart.o(.bss)
    .bss                                     0x20002a44   Section      216  pstorage.o(.bss)
    m_cmd_queue                              0x20002a44   Data         204  pstorage.o(.bss)
    m_app_table                              0x20002b10   Data          12  pstorage.o(.bss)
    .bss                                     0x20002b1c   Section       32  app_button.o(.bss)
    m_detection_delay_timer_id_data          0x20002b1c   Data          32  app_button.o(.bss)
    .bss                                     0x20002b3c   Section       88  fstorage.o(.bss)
    m_queue                                  0x20002b3c   Data          88  fstorage.o(.bss)
    .bss                                     0x20002b94   Section       12  softdevice_handler.o(.bss)
    STACK                                    0x20002ba0   Section     8192  arm_startup_nrf52.o(STACK)

    Global Symbols

    Symbol Name                              Value     Ov Type        Size  Object(Section)

    BuildAttributes$$THM_ISAv4$E$P$D$K$B$S$7EM$VFPi3$EXTD16$VFPS$VFMA$PE$A:L22UL41UL21$X:L11$S22US41US21$IEEE1$IW$USESV6$~STKCKD$USESV7$~SHL$OSPACE$ROPI$EBA8$MICROLIB$REQ8$PRES8$EABIv2 0x00000000   Number         0  anon$$obj.o ABSOLUTE
    __ARM_use_no_argv                        0x00000000   Number         0  main.o ABSOLUTE
    __cpp_initialize__aeabi_                  - Undefined Weak Reference
    __cxa_finalize                            - Undefined Weak Reference
    _clock_init                               - Undefined Weak Reference
    _microlib_exit                            - Undefined Weak Reference
    fs_data$$Base                             - Undefined Reference
    fs_data$$Limit                            - Undefined Reference
    __Vectors_Size                           0x00000400   Number         0  arm_startup_nrf52.o ABSOLUTE
    __Vectors                                0x0001c000   Data           4  arm_startup_nrf52.o(RESET)
    __Vectors_End                            0x0001c400   Data           0  arm_startup_nrf52.o(RESET)
    __main                                   0x0001c401   Thumb Code     0  entry.o(.ARM.Collect$$$$00000000)
    _main_stk                                0x0001c401   Thumb Code     0  entry2.o(.ARM.Collect$$$$00000001)
    _main_scatterload                        0x0001c405   Thumb Code     0  entry5.o(.ARM.Collect$$$$00000004)
    __main_after_scatterload                 0x0001c409   Thumb Code     0  entry5.o(.ARM.Collect$$$$00000004)
    _main_clock                              0x0001c409   Thumb Code     0  entry7b.o(.ARM.Collect$$$$00000008)
    _main_cpp_init                           0x0001c409   Thumb Code     0  entry8b.o(.ARM.Collect$$$$0000000A)
    _main_init                               0x0001c409   Thumb Code     0  entry9a.o(.ARM.Collect$$$$0000000B)
    __rt_final_cpp                           0x0001c411   Thumb Code     0  entry10a.o(.ARM.Collect$$$$0000000D)
    __rt_final_exit                          0x0001c411   Thumb Code     0  entry11a.o(.ARM.Collect$$$$0000000F)
    __asm___11_app_timer_c_cd27f9c3__nrf_delay_us 0x0001c415   Thumb Code   118  app_timer.o(.emb_text)
    Reset_Handler                            0x0001c48d   Thumb Code     8  arm_startup_nrf52.o(.text)
    NMI_Handler                              0x0001c495   Thumb Code     2  arm_startup_nrf52.o(.text)
    HardFault_Handler                        0x0001c497   Thumb Code     2  arm_startup_nrf52.o(.text)
    MemoryManagement_Handler                 0x0001c499   Thumb Code     2  arm_startup_nrf52.o(.text)
    BusFault_Handler                         0x0001c49b   Thumb Code     2  arm_startup_nrf52.o(.text)
    UsageFault_Handler                       0x0001c49d   Thumb Code     2  arm_startup_nrf52.o(.text)
    SVC_Handler                              0x0001c49f   Thumb Code     2  arm_startup_nrf52.o(.text)
    PendSV_Handler                           0x0001c4a1   Thumb Code     2  arm_startup_nrf52.o(.text)
    SysTick_Handler                          0x0001c4a3   Thumb Code     2  arm_startup_nrf52.o(.text)
    CCM_AAR_IRQHandler                       0x0001c4a5   Thumb Code     0  arm_startup_nrf52.o(.text)
    COMP_LPCOMP_IRQHandler                   0x0001c4a5   Thumb Code     0  arm_startup_nrf52.o(.text)
    ECB_IRQHandler                           0x0001c4a5   Thumb Code     0  arm_startup_nrf52.o(.text)
    I2S_IRQHandler                           0x0001c4a5   Thumb Code     0  arm_startup_nrf52.o(.text)
    MWU_IRQHandler                           0x0001c4a5   Thumb Code     0  arm_startup_nrf52.o(.text)
    NFCT_IRQHandler                          0x0001c4a5   Thumb Code     0  arm_startup_nrf52.o(.text)
    PDM_IRQHandler                           0x0001c4a5   Thumb Code     0  arm_startup_nrf52.o(.text)
    POWER_CLOCK_IRQHandler                   0x0001c4a5   Thumb Code     0  arm_startup_nrf52.o(.text)
    PWM0_IRQHandler                          0x0001c4a5   Thumb Code     0  arm_startup_nrf52.o(.text)
    PWM1_IRQHandler                          0x0001c4a5   Thumb Code     0  arm_startup_nrf52.o(.text)
    PWM2_IRQHandler                          0x0001c4a5   Thumb Code     0  arm_startup_nrf52.o(.text)
    QDEC_IRQHandler                          0x0001c4a5   Thumb Code     0  arm_startup_nrf52.o(.text)
    RADIO_IRQHandler                         0x0001c4a5   Thumb Code     0  arm_startup_nrf52.o(.text)
    RNG_IRQHandler                           0x0001c4a5   Thumb Code     0  arm_startup_nrf52.o(.text)
    RTC0_IRQHandler                          0x0001c4a5   Thumb Code     0  arm_startup_nrf52.o(.text)
    RTC2_IRQHandler                          0x0001c4a5   Thumb Code     0  arm_startup_nrf52.o(.text)
    SAADC_IRQHandler                         0x0001c4a5   Thumb Code     0  arm_startup_nrf52.o(.text)
    SPIM0_SPIS0_TWIM0_TWIS0_SPI0_TWI0_IRQHandler 0x0001c4a5   Thumb Code     0  arm_startup_nrf52.o(.text)
    SPIM1_SPIS1_TWIM1_TWIS1_SPI1_TWI1_IRQHandler 0x0001c4a5   Thumb Code     0  arm_startup_nrf52.o(.text)
    SPIM2_SPIS2_SPI2_IRQHandler              0x0001c4a5   Thumb Code     0  arm_startup_nrf52.o(.text)
    SWI1_EGU1_IRQHandler                     0x0001c4a5   Thumb Code     0  arm_startup_nrf52.o(.text)
    SWI3_EGU3_IRQHandler                     0x0001c4a5   Thumb Code     0  arm_startup_nrf52.o(.text)
    SWI4_EGU4_IRQHandler                     0x0001c4a5   Thumb Code     0  arm_startup_nrf52.o(.text)
    SWI5_EGU5_IRQHandler                     0x0001c4a5   Thumb Code     0  arm_startup_nrf52.o(.text)
    TEMP_IRQHandler                          0x0001c4a5   Thumb Code     0  arm_startup_nrf52.o(.text)
    TIMER0_IRQHandler                        0x0001c4a5   Thumb Code     0  arm_startup_nrf52.o(.text)
    TIMER1_IRQHandler                        0x0001c4a5   Thumb Code     0  arm_startup_nrf52.o(.text)
    TIMER2_IRQHandler                        0x0001c4a5   Thumb Code     0  arm_startup_nrf52.o(.text)
    TIMER3_IRQHandler                        0x0001c4a5   Thumb Code     0  arm_startup_nrf52.o(.text)
    TIMER4_IRQHandler                        0x0001c4a5   Thumb Code     0  arm_startup_nrf52.o(.text)
    WDT_IRQHandler                           0x0001c4a5   Thumb Code     0  arm_startup_nrf52.o(.text)
    __aeabi_memcpy                           0x0001c4b1   Thumb Code    36  memcpya.o(.text)
    __aeabi_memcpy4                          0x0001c4b1   Thumb Code     0  memcpya.o(.text)
    __aeabi_memcpy8                          0x0001c4b1   Thumb Code     0  memcpya.o(.text)
    __aeabi_memset                           0x0001c4d5   Thumb Code    14  memseta.o(.text)
    __aeabi_memset4                          0x0001c4d5   Thumb Code     0  memseta.o(.text)
    __aeabi_memset8                          0x0001c4d5   Thumb Code     0  memseta.o(.text)
    __aeabi_memclr                           0x0001c4e3   Thumb Code     4  memseta.o(.text)
    __aeabi_memclr4                          0x0001c4e3   Thumb Code     0  memseta.o(.text)
    __aeabi_memclr8                          0x0001c4e3   Thumb Code     0  memseta.o(.text)
    _memset$wrapper                          0x0001c4e7   Thumb Code    18  memseta.o(.text)
    strlen                                   0x0001c4f9   Thumb Code    14  strlen.o(.text)
    memcmp                                   0x0001c507   Thumb Code    26  memcmp.o(.text)
    __scatterload                            0x0001c521   Thumb Code    28  init.o(.text)
    __scatterload_rt2                        0x0001c521   Thumb Code     0  init.o(.text)
    __decompress                             0x0001c545   Thumb Code     0  __dczerorl.o(.text)
    __decompress0                            0x0001c545   Thumb Code    58  __dczerorl.o(.text)
    GPIOTE_IRQHandler                        0x0001c581   Thumb Code   316  nrf_drv_gpiote.o(i.GPIOTE_IRQHandler)
    RTC1_IRQHandler                          0x0001c72d   Thumb Code    32  app_timer.o(i.RTC1_IRQHandler)
    SWI0_EGU0_IRQHandler                     0x0001c751   Thumb Code     4  app_timer.o(i.SWI0_EGU0_IRQHandler)
    SWI2_EGU2_IRQHandler                     0x0001c755   Thumb Code    32  softdevice_handler.o(i.SWI2_EGU2_IRQHandler)
    SystemInit                               0x0001c779   Thumb Code   562  system_nrf52.o(i.SystemInit)
    UARTE0_UART0_IRQHandler                  0x0001c9d5   Thumb Code    14  nrf_drv_uart.o(i.UARTE0_UART0_IRQHandler)
    __scatterload_copy                       0x0001c9e9   Thumb Code    14  handlers.o(i.__scatterload_copy)
    __scatterload_null                       0x0001c9f7   Thumb Code     2  handlers.o(i.__scatterload_null)
    __scatterload_zeroinit                   0x0001c9f9   Thumb Code    14  handlers.o(i.__scatterload_zeroinit)
    adv_data_encode                          0x0001ca07   Thumb Code   514  ble_advdata.o(i.adv_data_encode)
    app_button_enable                        0x0001cc61   Thumb Code    32  app_button.o(i.app_button_enable)
    app_button_init                          0x0001cc85   Thumb Code    96  app_button.o(i.app_button_init)
    app_error_fault_handler                  0x0001ccf5   Thumb Code    26  app_error_weak.o(i.app_error_fault_handler)
    app_error_handler_bare                   0x0001cd19   Thumb Code    22  app_error.o(i.app_error_handler_bare)
    app_sched_event_put                      0x0001cdd1   Thumb Code   154  app_scheduler.o(i.app_sched_event_put)
    app_sched_execute                        0x0001ce71   Thumb Code    30  app_scheduler.o(i.app_sched_execute)
    app_sched_init                           0x0001ce91   Thumb Code    40  app_scheduler.o(i.app_sched_init)
    app_timer_create                         0x0001cebd   Thumb Code    32  app_timer.o(i.app_timer_create)
    app_timer_evt_schedule                   0x0001cef9   Thumb Code    18  app_timer_appsh.o(i.app_timer_evt_schedule)
    app_timer_init                           0x0001cf11   Thumb Code   134  app_timer.o(i.app_timer_init)
    app_timer_start                          0x0001cfa1   Thumb Code   118  app_timer.o(i.app_timer_start)
    app_timer_stop                           0x0001d021   Thumb Code    76  app_timer.o(i.app_timer_stop)
    app_util_critical_region_enter           0x0001d071   Thumb Code    64  app_util_platform.o(i.app_util_critical_region_enter)
    app_util_critical_region_exit            0x0001d0b9   Thumb Code    46  app_util_platform.o(i.app_util_critical_region_exit)
    ble_advdata_set                          0x0001d2fd   Thumb Code   104  ble_advdata.o(i.ble_advdata_set)
    ble_advertising_init                     0x0001d369   Thumb Code   274  ble_advertising.o(i.ble_advertising_init)
    ble_advertising_on_ble_evt               0x0001d485   Thumb Code   122  ble_advertising.o(i.ble_advertising_on_ble_evt)
    ble_advertising_on_sys_evt               0x0001d505   Thumb Code    46  ble_advertising.o(i.ble_advertising_on_sys_evt)
    ble_advertising_peer_addr_reply          0x0001d539   Thumb Code    42  ble_advertising.o(i.ble_advertising_peer_addr_reply)
    ble_advertising_restart_without_whitelist 0x0001d579   Thumb Code    70  ble_advertising.o(i.ble_advertising_restart_without_whitelist)
    ble_advertising_start                    0x0001d5c9   Thumb Code   470  ble_advertising.o(i.ble_advertising_start)
    ble_advertising_whitelist_reply          0x0001d7a9   Thumb Code    76  ble_advertising.o(i.ble_advertising_whitelist_reply)
    ble_bas_battery_level_update             0x0001d7fd   Thumb Code   122  ble_bas.o(i.ble_bas_battery_level_update)
    ble_bas_init                             0x0001d877   Thumb Code    68  ble_bas.o(i.ble_bas_init)
    ble_bas_on_ble_evt                       0x0001d8bb   Thumb Code    88  ble_bas.o(i.ble_bas_on_ble_evt)
    ble_conn_params_init                     0x0001d915   Thumb Code    72  ble_conn_params.o(i.ble_conn_params_init)
    ble_conn_params_on_ble_evt               0x0001d96d   Thumb Code   120  ble_conn_params.o(i.ble_conn_params_on_ble_evt)
    ble_dis_init                             0x0001da51   Thumb Code   296  ble_dis.o(i.ble_dis_init)
    ble_hids_boot_kb_inp_rep_send            0x0001dbb9   Thumb Code    86  ble_hids.o(i.ble_hids_boot_kb_inp_rep_send)
    ble_hids_init                            0x0001dc0f   Thumb Code   362  ble_hids.o(i.ble_hids_init)
    ble_hids_inp_rep_send                    0x0001dd79   Thumb Code   104  ble_hids.o(i.ble_hids_inp_rep_send)
    ble_hids_on_ble_evt                      0x0001dde1   Thumb Code   158  ble_hids.o(i.ble_hids_on_ble_evt)
    ble_hids_outp_rep_get                    0x0001de7f   Thumb Code    40  ble_hids.o(i.ble_hids_outp_rep_get)
    ble_srv_ascii_to_utf8                    0x0001dea7   Thumb Code    18  ble_srv_common.o(i.ble_srv_ascii_to_utf8)
    ble_srv_report_ref_encode                0x0001deb9   Thumb Code    12  ble_srv_common.o(i.ble_srv_report_ref_encode)
    bond_data_load                           0x0001df41   Thumb Code    60  device_manager_peripheral.o(i.bond_data_load)
    bsp_btn_ble_init                         0x0001e0e1   Thumb Code    72  bsp_btn_ble.o(i.bsp_btn_ble_init)
    bsp_btn_ble_on_ble_evt                   0x0001e12d   Thumb Code   106  bsp_btn_ble.o(i.bsp_btn_ble_on_ble_evt)
    bsp_btn_ble_sleep_mode_prepare           0x0001e19d   Thumb Code    18  bsp_btn_ble.o(i.bsp_btn_ble_sleep_mode_prepare)
    bsp_button_is_pressed                    0x0001e259   Thumb Code    34  bsp.o(i.bsp_button_is_pressed)
    bsp_event_to_button_action_assign        0x0001e2f5   Thumb Code    64  bsp.o(i.bsp_event_to_button_action_assign)
    bsp_indication_set                       0x0001e339   Thumb Code    20  bsp.o(i.bsp_indication_set)
    bsp_init                                 0x0001e351   Thumb Code   140  bsp.o(i.bsp_init)
    bsp_wakeup_buttons_set                   0x0001e619   Thumb Code    54  bsp.o(i.bsp_wakeup_buttons_set)
    dm_ble_evt_handler                       0x0001ef4d   Thumb Code  1110  device_manager_peripheral.o(i.dm_ble_evt_handler)
    dm_handle_initialize                     0x0001f3a3   Thumb Code    22  device_manager_peripheral.o(i.dm_handle_initialize)
    dm_init                                  0x0001f3b9   Thumb Code   182  device_manager_peripheral.o(i.dm_init)
    dm_peer_addr_get                         0x0001f481   Thumb Code   112  device_manager_peripheral.o(i.dm_peer_addr_get)
    dm_register                              0x0001f665   Thumb Code    92  device_manager_peripheral.o(i.dm_register)
    dm_service_context_set                   0x0001f6c9   Thumb Code   138  device_manager_peripheral.o(i.dm_service_context_set)
    dm_whitelist_create                      0x0001f765   Thumb Code   152  device_manager_peripheral.o(i.dm_whitelist_create)
    fs_queued_op_count_get                   0x0001f8f9   Thumb Code    16  fstorage.o(i.fs_queued_op_count_get)
    intern_softdevice_events_execute         0x0001ffa1   Thumb Code   106  softdevice_handler.o(i.intern_softdevice_events_execute)
    main                                     0x000202b9   Thumb Code   336  main.o(i.main)
    nrf_drv_common_irq_enable                0x00020567   Thumb Code    56  nrf_drv_common.o(i.nrf_drv_common_irq_enable)
    nrf_drv_gpiote_in_event_enable           0x000205a1   Thumb Code   150  nrf_drv_gpiote.o(i.nrf_drv_gpiote_in_event_enable)
    nrf_drv_gpiote_in_init                   0x00020645   Thumb Code   170  nrf_drv_gpiote.o(i.nrf_drv_gpiote_in_init)
    nrf_drv_gpiote_in_is_set                 0x000206fd   Thumb Code    16  nrf_drv_gpiote.o(i.nrf_drv_gpiote_in_is_set)
    nrf_drv_gpiote_init                      0x00020711   Thumb Code    76  nrf_drv_gpiote.o(i.nrf_drv_gpiote_init)
    nrf_drv_gpiote_is_init                   0x00020765   Thumb Code    14  nrf_drv_gpiote.o(i.nrf_drv_gpiote_is_init)
    pstorage_access_status_get               0x00020d25   Thumb Code    28  pstorage.o(i.pstorage_access_status_get)
    pstorage_block_identifier_get            0x00020d49   Thumb Code    66  pstorage.o(i.pstorage_block_identifier_get)
    pstorage_clear                           0x00020d95   Thumb Code   138  pstorage.o(i.pstorage_clear)
    pstorage_init                            0x00020e51   Thumb Code    68  pstorage.o(i.pstorage_init)
    pstorage_load                            0x00020e9d   Thumb Code   148  pstorage.o(i.pstorage_load)
    pstorage_register                        0x00020f39   Thumb Code   172  pstorage.o(i.pstorage_register)
    pstorage_store                           0x00020fed   Thumb Code   118  pstorage.o(i.pstorage_store)
    pstorage_sys_event_handler               0x0002106d   Thumb Code    66  pstorage.o(i.pstorage_sys_event_handler)
    pstorage_update                          0x000210b5   Thumb Code   118  pstorage.o(i.pstorage_update)
    sd_check_ram_start                       0x000214b5   Thumb Code    10  softdevice_handler.o(i.sd_check_ram_start)
    sensorsim_decrement                      0x000215cd   Thumb Code    28  sensorsim.o(i.sensorsim_decrement)
    sensorsim_increment                      0x000215e9   Thumb Code    28  sensorsim.o(i.sensorsim_increment)
    sensorsim_init                           0x00021605   Thumb Code    22  sensorsim.o(i.sensorsim_init)
    sensorsim_measure                        0x0002161b   Thumb Code    26  sensorsim.o(i.sensorsim_measure)
    softdevice_ble_evt_handler_set           0x00021725   Thumb Code    14  softdevice_handler.o(i.softdevice_ble_evt_handler_set)
    softdevice_enable                        0x00021739   Thumb Code    14  softdevice_handler.o(i.softdevice_enable)
    softdevice_enable_get_default_config     0x0002174d   Thumb Code    38  softdevice_handler.o(i.softdevice_enable_get_default_config)
    softdevice_evt_get                       0x00021773   Thumb Code    18  softdevice_handler_appsh.o(i.softdevice_evt_get)
    softdevice_evt_schedule                  0x00021785   Thumb Code    10  softdevice_handler_appsh.o(i.softdevice_evt_schedule)
    softdevice_fault_handler                 0x00021795   Thumb Code     4  softdevice_handler.o(i.softdevice_fault_handler)
    softdevice_handler_init                  0x00021799   Thumb Code    42  softdevice_handler.o(i.softdevice_handler_init)
    softdevice_sys_evt_handler_set           0x000217cd   Thumb Code    14  softdevice_handler.o(i.softdevice_sys_evt_handler_set)
    m_service_context_store                  0x00021fcc   Data          16  device_manager_peripheral.o(.constdata)
    m_service_context_load                   0x00021fdc   Data          16  device_manager_peripheral.o(.constdata)
    m_service_context_apply                  0x00021fec   Data          16  device_manager_peripheral.o(.constdata)
    Region$$Table$$Base                      0x0002202c   Number         0  anon$$obj.o(Region$$Table)
    Region$$Table$$Limit                     0x0002204c   Number         0  anon$$obj.o(Region$$Table)
    Image$$RW_IRAM1$$Base                    0x20002080   Number         0  anon$$obj.o ABSOLUTE
    SystemCoreClock                          0x20002230   Data           4  system_nrf52.o(.data)
    nrf_nvic_state                           0x20002b94   Data          12  softdevice_handler.o(.bss)
    __initial_sp                             0x20004ba0   Data           0  arm_startup_nrf52.o(STACK)



==============================================================================

Memory Map of the image

  Image Entry point : 0x0001c401

  Load Region LR_IROM1 (Base: 0x0001c000, Size: 0x00006200, Max: 0x00064000, ABSOLUTE, COMPRESSED[0x000060c4])

    Execution Region ER_IROM1 (Base: 0x0001c000, Size: 0x0000604c, Max: 0x00064000, ABSOLUTE)

    Base Addr    Size         Type   Attr      Idx    E Section Name        Object

    0x0001c000   0x00000400   Data   RO         3155    RESET               arm_startup_nrf52.o
    0x0001c400   0x00000000   Code   RO         3196  * .ARM.Collect$$$$00000000  mc_w.l(entry.o)
    0x0001c400   0x00000004   Code   RO         3239    .ARM.Collect$$$$00000001  mc_w.l(entry2.o)
    0x0001c404   0x00000004   Code   RO         3242    .ARM.Collect$$$$00000004  mc_w.l(entry5.o)
    0x0001c408   0x00000000   Code   RO         3244    .ARM.Collect$$$$00000008  mc_w.l(entry7b.o)
    0x0001c408   0x00000000   Code   RO         3246    .ARM.Collect$$$$0000000A  mc_w.l(entry8b.o)
    0x0001c408   0x00000008   Code   RO         3247    .ARM.Collect$$$$0000000B  mc_w.l(entry9a.o)
    0x0001c410   0x00000000   Code   RO         3249    .ARM.Collect$$$$0000000D  mc_w.l(entry10a.o)
    0x0001c410   0x00000000   Code   RO         3251    .ARM.Collect$$$$0000000F  mc_w.l(entry11a.o)
    0x0001c410   0x00000004   Code   RO         3240    .ARM.Collect$$$$00002712  mc_w.l(entry2.o)
    0x0001c414   0x00000076   Code   RO         2356    .emb_text           app_timer.o
    0x0001c48a   0x00000002   PAD
    0x0001c48c   0x00000024   Code   RO         3156    .text               arm_startup_nrf52.o
    0x0001c4b0   0x00000024   Code   RO         3199    .text               mc_w.l(memcpya.o)
    0x0001c4d4   0x00000024   Code   RO         3201    .text               mc_w.l(memseta.o)
    0x0001c4f8   0x0000000e   Code   RO         3203    .text               mc_w.l(strlen.o)
    0x0001c506   0x0000001a   Code   RO         3205    .text               mc_w.l(memcmp.o)
    0x0001c520   0x00000024   Code   RO         3268    .text               mc_w.l(init.o)
    0x0001c544   0x0000003a   Code   RO         3286    .text               mc_w.l(__dczerorl.o)
    0x0001c57e   0x00000002   PAD
    0x0001c580   0x00000148   Code   RO         1467    i.GPIOTE_IRQHandler  nrf_drv_gpiote.o
    0x0001c6c8   0x00000016   Code   RO         2357    i.NVIC_ClearPendingIRQ  app_timer.o
    0x0001c6de   0x00000016   Code   RO         2358    i.NVIC_EnableIRQ    app_timer.o
    0x0001c6f4   0x00000016   Code   RO         2359    i.NVIC_SetPendingIRQ  app_timer.o
    0x0001c70a   0x00000020   Code   RO         2360    i.NVIC_SetPriority  app_timer.o
    0x0001c72a   0x00000002   PAD
    0x0001c72c   0x00000024   Code   RO         2361    i.RTC1_IRQHandler   app_timer.o
    0x0001c750   0x00000004   Code   RO         2362    i.SWI0_EGU0_IRQHandler  app_timer.o
    0x0001c754   0x00000024   Code   RO         3025    i.SWI2_EGU2_IRQHandler  softdevice_handler.o
    0x0001c778   0x0000025c   Code   RO         3164    i.SystemInit        system_nrf52.o
    0x0001c9d4   0x00000014   Code   RO         1666    i.UARTE0_UART0_IRQHandler  nrf_drv_uart.o
    0x0001c9e8   0x0000000e   Code   RO         3280    i.__scatterload_copy  mc_w.l(handlers.o)
    0x0001c9f6   0x00000002   Code   RO         3281    i.__scatterload_null  mc_w.l(handlers.o)
    0x0001c9f8   0x0000000e   Code   RO         3282    i.__scatterload_zeroinit  mc_w.l(handlers.o)
    0x0001ca06   0x00000202   Code   RO          535    i.adv_data_encode   ble_advdata.o
    0x0001cc08   0x00000036   Code   RO          492    i.advertising_buttons_configure  bsp_btn_ble.o
    0x0001cc3e   0x00000002   PAD
    0x0001cc40   0x00000020   Code   RO          381    i.alert_timer_handler  bsp.o
    0x0001cc60   0x00000024   Code   RO         2114    i.app_button_enable  app_button.o
    0x0001cc84   0x00000070   Code   RO         2115    i.app_button_init   app_button.o
    0x0001ccf4   0x00000024   Code   RO         2215    i.app_error_fault_handler  app_error_weak.o
    0x0001cd18   0x00000016   Code   RO         2176    i.app_error_handler_bare  app_error.o
    0x0001cd2e   0x00000002   PAD
    0x0001cd30   0x0000000c   Code   RO         1041    i.app_evt_notify    device_manager_peripheral.o
    0x0001cd3c   0x0000002c   Code   RO         1867    i.app_notify        pstorage.o
    0x0001cd68   0x00000024   Code   RO         1868    i.app_notify_error_state_transit  pstorage.o
    0x0001cd8c   0x00000044   Code   RO         2313    i.app_sched_event_get  app_scheduler.o
    0x0001cdd0   0x000000a0   Code   RO         2314    i.app_sched_event_put  app_scheduler.o
    0x0001ce70   0x0000001e   Code   RO         2315    i.app_sched_execute  app_scheduler.o
    0x0001ce8e   0x00000002   PAD
    0x0001ce90   0x0000002c   Code   RO         2316    i.app_sched_init    app_scheduler.o
    0x0001cebc   0x00000024   Code   RO         2365    i.app_timer_create  app_timer.o
    0x0001cee0   0x00000018   Code   RO         2517    i.app_timer_evt_get  app_timer_appsh.o
    0x0001cef8   0x00000018   Code   RO         2518    i.app_timer_evt_schedule  app_timer_appsh.o
    0x0001cf10   0x00000090   Code   RO         2366    i.app_timer_init    app_timer.o
    0x0001cfa0   0x00000080   Code   RO         2367    i.app_timer_start   app_timer.o
    0x0001d020   0x00000050   Code   RO         2368    i.app_timer_stop    app_timer.o
    0x0001d070   0x00000048   Code   RO         2552    i.app_util_critical_region_enter  app_util_platform.o
    0x0001d0b8   0x00000034   Code   RO         2553    i.app_util_critical_region_exit  app_util_platform.o
    0x0001d0ec   0x00000080   Code   RO            5    i.bas_init          main.o
    0x0001d16c   0x0000014e   Code   RO          704    i.battery_level_char_add  ble_bas.o
    0x0001d2ba   0x00000002   PAD
    0x0001d2bc   0x00000040   Code   RO            6    i.battery_level_meas_timeout_handler  main.o
    0x0001d2fc   0x00000068   Code   RO          536    i.ble_advdata_set   ble_advdata.o
    0x0001d364   0x00000004   Code   RO            7    i.ble_advertising_error_handler  main.o
    0x0001d368   0x0000011c   Code   RO          620    i.ble_advertising_init  ble_advertising.o
    0x0001d484   0x00000080   Code   RO          621    i.ble_advertising_on_ble_evt  ble_advertising.o
    0x0001d504   0x00000034   Code   RO          622    i.ble_advertising_on_sys_evt  ble_advertising.o
    0x0001d538   0x00000030   Code   RO          623    i.ble_advertising_peer_addr_reply  ble_advertising.o
    0x0001d568   0x00000010   Code   RO          624    i.ble_advertising_peer_address_clear  ble_advertising.o
    0x0001d578   0x00000050   Code   RO          625    i.ble_advertising_restart_without_whitelist  ble_advertising.o
    0x0001d5c8   0x000001e0   Code   RO          626    i.ble_advertising_start  ble_advertising.o
    0x0001d7a8   0x00000054   Code   RO          627    i.ble_advertising_whitelist_reply  ble_advertising.o
    0x0001d7fc   0x0000007a   Code   RO          705    i.ble_bas_battery_level_update  ble_bas.o
    0x0001d876   0x00000044   Code   RO          706    i.ble_bas_init      ble_bas.o
    0x0001d8ba   0x00000058   Code   RO          707    i.ble_bas_on_ble_evt  ble_bas.o
    0x0001d912   0x00000002   PAD
    0x0001d914   0x00000058   Code   RO          752    i.ble_conn_params_init  ble_conn_params.o
    0x0001d96c   0x00000084   Code   RO          753    i.ble_conn_params_on_ble_evt  ble_conn_params.o
    0x0001d9f0   0x0000005e   Code   RO          537    i.ble_device_addr_encode  ble_advdata.o
    0x0001da4e   0x00000002   PAD
    0x0001da50   0x0000012c   Code   RO          823    i.ble_dis_init      ble_dis.o
    0x0001db7c   0x0000003c   Code   RO            8    i.ble_evt_dispatch  main.o
    0x0001dbb8   0x00000056   Code   RO          867    i.ble_hids_boot_kb_inp_rep_send  ble_hids.o
    0x0001dc0e   0x0000016a   Code   RO          869    i.ble_hids_init     ble_hids.o
    0x0001dd78   0x00000068   Code   RO          870    i.ble_hids_inp_rep_send  ble_hids.o
    0x0001dde0   0x0000009e   Code   RO          871    i.ble_hids_on_ble_evt  ble_hids.o
    0x0001de7e   0x00000028   Code   RO          872    i.ble_hids_outp_rep_get  ble_hids.o
    0x0001dea6   0x00000012   Code   RO          994    i.ble_srv_ascii_to_utf8  ble_srv_common.o
    0x0001deb8   0x0000000c   Code   RO          995    i.ble_srv_report_ref_encode  ble_srv_common.o
    0x0001dec4   0x0000007c   Code   RO            9    i.ble_stack_init    main.o
    0x0001df40   0x00000048   Code   RO         1042    i.bond_data_load    device_manager_peripheral.o
    0x0001df88   0x000000d0   Code   RO          873    i.boot_inp_rep_char_add  ble_hids.o
    0x0001e058   0x00000086   Code   RO          874    i.boot_kb_outp_rep_char_add  ble_hids.o
    0x0001e0de   0x00000002   PAD
    0x0001e0e0   0x0000004c   Code   RO          493    i.bsp_btn_ble_init  bsp_btn_ble.o
    0x0001e12c   0x00000070   Code   RO          494    i.bsp_btn_ble_on_ble_evt  bsp_btn_ble.o
    0x0001e19c   0x00000012   Code   RO          495    i.bsp_btn_ble_sleep_mode_prepare  bsp_btn_ble.o
    0x0001e1ae   0x00000002   PAD
    0x0001e1b0   0x000000a8   Code   RO          382    i.bsp_button_event_handler  bsp.o
    0x0001e258   0x0000002c   Code   RO          383    i.bsp_button_is_pressed  bsp.o
    0x0001e284   0x00000070   Code   RO           10    i.bsp_event_handler  main.o
    0x0001e2f4   0x00000044   Code   RO          387    i.bsp_event_to_button_action_assign  bsp.o
    0x0001e338   0x00000018   Code   RO          388    i.bsp_indication_set  bsp.o
    0x0001e350   0x000000a4   Code   RO          390    i.bsp_init          bsp.o
    0x0001e3f4   0x00000224   Code   RO          391    i.bsp_led_indication  bsp.o
    0x0001e618   0x0000003c   Code   RO          392    i.bsp_wakeup_buttons_set  bsp.o
    0x0001e654   0x0000007c   Code   RO           11    i.buffer_dequeue    main.o
    0x0001e6d0   0x00000050   Code   RO           12    i.buffer_enqueue    main.o
    0x0001e720   0x00000008   Code   RO          393    i.button_timer_handler  bsp.o
    0x0001e728   0x0000001c   Code   RO         1468    i.channel_free      nrf_drv_gpiote.o
    0x0001e744   0x00000048   Code   RO         1469    i.channel_port_alloc  nrf_drv_gpiote.o
    0x0001e78c   0x00000010   Code   RO         1470    i.channel_port_get  nrf_drv_gpiote.o
    0x0001e79c   0x000000a0   Code   RO          824    i.char_add          ble_dis.o
    0x0001e83c   0x000000fc   Code   RO         1869    i.clear_operation_execute  pstorage.o
    0x0001e938   0x00000020   Code   RO         1870    i.clear_post_processing_run  pstorage.o
    0x0001e958   0x00000034   Code   RO         1871    i.cmd_process       pstorage.o
    0x0001e98c   0x00000020   Code   RO         1872    i.cmd_queue_element_init  pstorage.o
    0x0001e9ac   0x00000054   Code   RO         1873    i.cmd_queue_enqueue  pstorage.o
    0x0001ea00   0x00000040   Code   RO         1874    i.command_end_procedure_run  pstorage.o
    0x0001ea40   0x000000ac   Code   RO         2370    i.compare_reg_update  app_timer.o
    0x0001eaec   0x00000088   Code   RO          538    i.conn_int_encode   ble_advdata.o
    0x0001eb74   0x00000004   Code   RO           13    i.conn_params_error_handler  main.o
    0x0001eb78   0x0000005c   Code   RO          755    i.conn_params_negotiation  ble_conn_params.o
    0x0001ebd4   0x0000002c   Code   RO         1043    i.connection_instance_find  device_manager_peripheral.o
    0x0001ec00   0x00000028   Code   RO         1044    i.connection_instance_init  device_manager_peripheral.o
    0x0001ec28   0x00000054   Code   RO         1875    i.data_page_erase_state_run  pstorage.o
    0x0001ec7c   0x00000020   Code   RO         1876    i.data_to_swap_write_state_run  pstorage.o
    0x0001ec9c   0x00000060   Code   RO         2117    i.detection_delay_timeout_handler  app_button.o
    0x0001ecfc   0x000000bc   Code   RO         1045    i.device_context_store  device_manager_peripheral.o
    0x0001edb8   0x00000048   Code   RO         1046    i.device_instance_find  device_manager_peripheral.o
    0x0001ee00   0x0000002c   Code   RO         1047    i.device_instance_free  device_manager_peripheral.o
    0x0001ee2c   0x00000028   Code   RO           14    i.device_manager_evt_handler  main.o
    0x0001ee54   0x0000007c   Code   RO           15    i.device_manager_init  main.o
    0x0001eed0   0x0000007c   Code   RO           16    i.dis_init          main.o
    0x0001ef4c   0x00000456   Code   RO         1052    i.dm_ble_evt_handler  device_manager_peripheral.o
    0x0001f3a2   0x00000016   Code   RO         1058    i.dm_handle_initialize  device_manager_peripheral.o
    0x0001f3b8   0x000000c8   Code   RO         1059    i.dm_init           device_manager_peripheral.o
    0x0001f480   0x0000007c   Code   RO         1060    i.dm_peer_addr_get  device_manager_peripheral.o
    0x0001f4fc   0x00000168   Code   RO         1062    i.dm_pstorage_cb_handler  device_manager_peripheral.o
    0x0001f664   0x00000064   Code   RO         1063    i.dm_register       device_manager_peripheral.o
    0x0001f6c8   0x0000009c   Code   RO         1068    i.dm_service_context_set  device_manager_peripheral.o
    0x0001f764   0x000000a0   Code   RO         1069    i.dm_whitelist_create  device_manager_peripheral.o
    0x0001f804   0x00000040   Code   RO         2371    i.elapsed_ticks_acquire  app_timer.o
    0x0001f844   0x0000001c   Code   RO         1877    i.flash_api_err_code_process  pstorage.o
    0x0001f860   0x0000008c   Code   RO         1878    i.flash_operation_success_run  pstorage.o
    0x0001f8ec   0x00000006   Code   RO         1879    i.flash_page_erase  pstorage.o
    0x0001f8f2   0x00000006   Code   RO         1880    i.flash_write       pstorage.o
    0x0001f8f8   0x00000014   Code   RO         2606    i.fs_queued_op_count_get  fstorage.o
    0x0001f90c   0x0000006c   Code   RO           17    i.gap_params_init   main.o
    0x0001f978   0x00000004   Code   RO         1070    i.gattc_context_apply  device_manager_peripheral.o
    0x0001f97c   0x00000004   Code   RO         1071    i.gattc_context_load  device_manager_peripheral.o
    0x0001f980   0x00000004   Code   RO         1072    i.gattc_context_store  device_manager_peripheral.o
    0x0001f984   0x000000b0   Code   RO         1073    i.gatts_context_apply  device_manager_peripheral.o
    0x0001fa34   0x00000038   Code   RO         1074    i.gatts_context_load  device_manager_peripheral.o
    0x0001fa6c   0x000000c8   Code   RO         1075    i.gatts_context_store  device_manager_peripheral.o
    0x0001fb34   0x00000004   Code   RO         1076    i.gattsc_context_apply  device_manager_peripheral.o
    0x0001fb38   0x00000004   Code   RO         1077    i.gattsc_context_load  device_manager_peripheral.o
    0x0001fb3c   0x00000004   Code   RO         1078    i.gattsc_context_store  device_manager_peripheral.o
    0x0001fb40   0x00000058   Code   RO         2118    i.gpiote_event_handler  app_button.o
    0x0001fb98   0x00000078   Code   RO         1881    i.head_restore_state_run  pstorage.o
    0x0001fc10   0x0000008a   Code   RO          875    i.hid_control_point_char_add  ble_hids.o
    0x0001fc9a   0x000000a6   Code   RO          876    i.hid_information_char_add  ble_hids.o
    0x0001fd40   0x000001e8   Code   RO           18    i.hids_init         main.o
    0x0001ff28   0x00000078   Code   RO          877    i.inp_rep_characteristics_add  ble_hids.o
    0x0001ffa0   0x00000070   Code   RO         3026    i.intern_softdevice_events_execute  softdevice_handler.o
    0x00020010   0x0000001c   Code   RO          756    i.is_conn_params_ok  ble_conn_params.o
    0x0002002c   0x00000044   Code   RO         1882    i.is_page_erase_required  pstorage.o
    0x00020070   0x0000000c   Code   RO         1883    i.is_word_aligned   pstorage.o
    0x0002007c   0x0000004c   Code   RO           19    i.keys_send         main.o
    0x000200c8   0x00000054   Code   RO          539    i.le_role_encode    ble_advdata.o
    0x0002011c   0x00000014   Code   RO          394    i.leds_timer_handler  bsp.o
    0x00020130   0x000000bc   Code   RO         2372    i.list_deletions_handler  app_timer.o
    0x000201ec   0x000000cc   Code   RO         2373    i.list_insertions_handler  app_timer.o
    0x000202b8   0x0000017c   Code   RO           20    i.main              main.o
    0x00020434   0x00000014   Code   RO         1884    i.main_state_err_busy_process  pstorage.o
    0x00020448   0x00000012   Code   RO          878    i.make_char_id      ble_hids.o
    0x0002045a   0x00000064   Code   RO          540    i.manuf_specific_data_encode  ble_advdata.o
    0x000204be   0x0000009c   Code   RO          541    i.name_encode       ble_advdata.o
    0x0002055a   0x00000004   Code   RO         1079    i.no_service_context_apply  device_manager_peripheral.o
    0x0002055e   0x00000004   Code   RO         1080    i.no_service_context_load  device_manager_peripheral.o
    0x00020562   0x00000004   Code   RO         1081    i.no_service_context_store  device_manager_peripheral.o
    0x00020566   0x00000038   Code   RO         1429    i.nrf_drv_common_irq_enable  nrf_drv_common.o
    0x0002059e   0x00000002   PAD
    0x000205a0   0x000000a4   Code   RO         1473    i.nrf_drv_gpiote_in_event_enable  nrf_drv_gpiote.o
    0x00020644   0x000000b8   Code   RO         1474    i.nrf_drv_gpiote_in_init  nrf_drv_gpiote.o
    0x000206fc   0x00000014   Code   RO         1475    i.nrf_drv_gpiote_in_is_set  nrf_drv_gpiote.o
    0x00020710   0x00000054   Code   RO         1477    i.nrf_drv_gpiote_init  nrf_drv_gpiote.o
    0x00020764   0x00000014   Code   RO         1478    i.nrf_drv_gpiote_is_init  nrf_drv_gpiote.o
    0x00020778   0x00000022   Code   RO         1490    i.nrf_gpio_cfg      nrf_drv_gpiote.o
    0x0002079a   0x0000001c   Code   RO         1492    i.nrf_gpio_cfg_sense_set  nrf_drv_gpiote.o
    0x000207b6   0x00000002   PAD
    0x000207b8   0x00000014   Code   RO         1493    i.nrf_gpiote_event_clear  nrf_drv_gpiote.o
    0x000207cc   0x00000010   Code   RO         1494    i.nrf_gpiote_event_is_set  nrf_drv_gpiote.o
    0x000207dc   0x0000000a   Code   RO         1685    i.nrf_uart_event_check  nrf_drv_uart.o
    0x000207e6   0x0000000c   Code   RO         1686    i.nrf_uart_int_enable_check  nrf_drv_uart.o
    0x000207f2   0x0000000a   Code   RO         1687    i.nrf_uarte_event_check  nrf_drv_uart.o
    0x000207fc   0x000000a4   Code   RO           21    i.on_adv_evt        main.o
    0x000208a0   0x000000a8   Code   RO           22    i.on_ble_evt        main.o
    0x00020948   0x00000078   Code   RO           23    i.on_hid_rep_char_write  main.o
    0x000209c0   0x00000068   Code   RO           24    i.on_hids_evt       main.o
    0x00020a28   0x00000030   Code   RO          879    i.on_report_cccd_write  ble_hids.o
    0x00020a58   0x0000002e   Code   RO          880    i.on_report_value_write  ble_hids.o
    0x00020a86   0x00000002   PAD
    0x00020a88   0x000000fa   Code   RO          881    i.on_write          ble_hids.o
    0x00020b82   0x00000060   Code   RO          882    i.outp_rep_characteristics_add  ble_hids.o
    0x00020be2   0x00000014   Code   RO          628    i.peer_address_exists  ble_advertising.o
    0x00020bf6   0x00000002   PAD
    0x00020bf8   0x0000003c   Code   RO         1082    i.peer_instance_init  device_manager_peripheral.o
    0x00020c34   0x00000018   Code   RO         1495    i.pin_in_use_by_port  nrf_drv_gpiote.o
    0x00020c4c   0x00000018   Code   RO         1496    i.pin_in_use_by_te  nrf_drv_gpiote.o
    0x00020c64   0x00000034   Code   RO          825    i.pnp_id_encode     ble_dis.o
    0x00020c98   0x0000008a   Code   RO          883    i.protocol_mode_char_add  ble_hids.o
    0x00020d22   0x00000002   PAD
    0x00020d24   0x00000024   Code   RO         1885    i.pstorage_access_status_get  pstorage.o
    0x00020d48   0x0000004c   Code   RO         1886    i.pstorage_block_identifier_get  pstorage.o
    0x00020d94   0x00000094   Code   RO         1887    i.pstorage_clear    pstorage.o
    0x00020e28   0x0000001e   Code   RO         1888    i.pstorage_flash_page_end  pstorage.o
    0x00020e46   0x0000000a   Code   RO         1889    i.pstorage_flash_page_size  pstorage.o
    0x00020e50   0x0000004c   Code   RO         1890    i.pstorage_init     pstorage.o
    0x00020e9c   0x0000009c   Code   RO         1891    i.pstorage_load     pstorage.o
    0x00020f38   0x000000b4   Code   RO         1892    i.pstorage_register  pstorage.o
    0x00020fec   0x00000080   Code   RO         1893    i.pstorage_store    pstorage.o
    0x0002106c   0x00000048   Code   RO         1894    i.pstorage_sys_event_handler  pstorage.o
    0x000210b4   0x00000080   Code   RO         1895    i.pstorage_update   pstorage.o
    0x00021134   0x00000132   Code   RO          884    i.rep_char_add      ble_hids.o
    0x00021266   0x0000013e   Code   RO          885    i.rep_map_char_add  ble_hids.o
    0x000213a4   0x00000082   Code   RO          886    i.rep_value_identify  ble_hids.o
    0x00021426   0x00000002   PAD
    0x00021428   0x0000003c   Code   RO         2374    i.rtc1_stop         app_timer.o
    0x00021464   0x00000030   Code   RO         1689    i.rx_byte           nrf_drv_uart.o
    0x00021494   0x00000020   Code   RO         1690    i.rx_done_event     nrf_drv_uart.o
    0x000214b4   0x00000010   Code   RO         3027    i.sd_check_ram_start  softdevice_handler.o
    0x000214c4   0x00000088   Code   RO         3028    i.sd_nvic_EnableIRQ  softdevice_handler.o
    0x0002154c   0x00000080   Code   RO           25    i.send_key_scan_press_release  main.o
    0x000215cc   0x0000001c   Code   RO         2846    i.sensorsim_decrement  sensorsim.o
    0x000215e8   0x0000001c   Code   RO         2847    i.sensorsim_increment  sensorsim.o
    0x00021604   0x00000016   Code   RO         2848    i.sensorsim_init    sensorsim.o
    0x0002161a   0x0000001a   Code   RO         2849    i.sensorsim_measure  sensorsim.o
    0x00021634   0x00000088   Code   RO          542    i.service_data_encode  ble_advdata.o
    0x000216bc   0x00000004   Code   RO           26    i.service_error_handler  main.o
    0x000216c0   0x00000028   Code   RO           27    i.sleep_mode_enter  main.o
    0x000216e8   0x0000003c   Code   RO         1896    i.sm_state_change   pstorage.o
    0x00021724   0x00000014   Code   RO         3029    i.softdevice_ble_evt_handler_set  softdevice_handler.o
    0x00021738   0x00000014   Code   RO         3030    i.softdevice_enable  softdevice_handler.o
    0x0002174c   0x00000026   Code   RO         3031    i.softdevice_enable_get_default_config  softdevice_handler.o
    0x00021772   0x00000012   Code   RO         3126    i.softdevice_evt_get  softdevice_handler_appsh.o
    0x00021784   0x00000010   Code   RO         3127    i.softdevice_evt_schedule  softdevice_handler_appsh.o
    0x00021794   0x00000004   Code   RO         3032    i.softdevice_fault_handler  softdevice_handler.o
    0x00021798   0x00000034   Code   RO         3033    i.softdevice_handler_init  softdevice_handler.o
    0x000217cc   0x00000014   Code   RO         3036    i.softdevice_sys_evt_handler_set  softdevice_handler.o
    0x000217e0   0x00000068   Code   RO         1897    i.state_data_erase_swap_entry_run  pstorage.o
    0x00021848   0x0000000c   Code   RO         1898    i.state_erase_data_page_entry_run  pstorage.o
    0x00021854   0x0000002c   Code   RO         1899    i.state_restore_head_entry_run  pstorage.o
    0x00021880   0x00000050   Code   RO         1900    i.state_restore_tail_entry_run  pstorage.o
    0x000218d0   0x0000001e   Code   RO         1901    i.state_swap_erase_entry_run  pstorage.o
    0x000218ee   0x00000002   PAD
    0x000218f0   0x00000030   Code   RO         1902    i.state_write_data_swap_entry_run  pstorage.o
    0x00021920   0x00000004   Code   RO         1083    i.storage_operation_dummy_handler  device_manager_peripheral.o
    0x00021924   0x0000005c   Code   RO         1903    i.store_cmd_flash_write_execute  pstorage.o
    0x00021980   0x00000018   Code   RO         1904    i.swap_erase_state_run  pstorage.o
    0x00021998   0x00000014   Code   RO         1905    i.swap_sub_state_err_busy_process  pstorage.o
    0x000219ac   0x00000014   Code   RO         1906    i.swap_sub_state_state_change  pstorage.o
    0x000219c0   0x00000012   Code   RO           28    i.sys_evt_dispatch  main.o
    0x000219d2   0x00000042   Code   RO          826    i.sys_id_encode     ble_dis.o
    0x00021a14   0x00000014   Code   RO         1907    i.tail_restore_state_run  pstorage.o
    0x00021a28   0x0000008c   Code   RO         2375    i.timer_list_handler  app_timer.o
    0x00021ab4   0x0000003c   Code   RO         2376    i.timer_list_insert  app_timer.o
    0x00021af0   0x00000084   Code   RO         2377    i.timer_timeouts_check  app_timer.o
    0x00021b74   0x00000024   Code   RO         1692    i.tx_byte           nrf_drv_uart.o
    0x00021b98   0x00000024   Code   RO         1693    i.tx_done_event     nrf_drv_uart.o
    0x00021bbc   0x00000108   Code   RO         1694    i.uart_irq_handler  nrf_drv_uart.o
    0x00021cc4   0x000000d8   Code   RO         1695    i.uarte_irq_handler  nrf_drv_uart.o
    0x00021d9c   0x0000000a   Code   RO          543    i.uint16_encode     ble_advdata.o
    0x00021da6   0x00000002   PAD
    0x00021da8   0x00000014   Code   RO         1084    i.update_status_bit_reset  device_manager_peripheral.o
    0x00021dbc   0x00000060   Code   RO          757    i.update_timeout_handler  ble_conn_params.o
    0x00021e1c   0x0000003e   Code   RO         2378    i.user_id_get       app_timer.o
    0x00021e5a   0x00000028   Code   RO         2379    i.user_op_alloc     app_timer.o
    0x00021e82   0x00000030   Code   RO          544    i.uuid_list_encode  ble_advdata.o
    0x00021eb2   0x0000009e   Code   RO          545    i.uuid_list_sized_encode  ble_advdata.o
    0x00021f50   0x0000000e   Code   RO          629    i.whitelist_has_entries  ble_advertising.o
    0x00021f5e   0x00000002   PAD
    0x00021f60   0x0000002c   Data   RO           31    .constdata          main.o
    0x00021f8c   0x0000003c   Data   RO          399    .constdata          bsp.o
    0x00021fc8   0x00000004   Data   RO          760    .constdata          ble_conn_params.o
    0x00021fcc   0x00000030   Data   RO         1086    .constdata          device_manager_peripheral.o
    0x00021ffc   0x00000028   Data   RO         1909    .constdata          pstorage.o
    0x00022024   0x00000008   Data   RO         2120    .constdata          app_button.o
    0x0002202c   0x00000020   Data   RO         3278    Region$$Table       anon$$obj.o


    Execution Region RW_IRAM1 (Base: 0x20002080, Size: 0x00002b20, Max: 0x0000df80, ABSOLUTE, COMPRESSED[0x00000078])

    Base Addr    Size         Type   Attr      Idx    E Section Name        Object

    0x20002080   0x0000007c   Data   RW           32    .data               main.o
    0x200020fc   0x00000018   Data   RW          400    .data               bsp.o
    0x20002114   0x00000008   Data   RW          496    .data               bsp_btn_ble.o
    0x2000211c   0x0000001f   Data   RW          631    .data               ble_advertising.o
    0x2000213b   0x00000001   PAD
    0x2000213c   0x00000014   Data   RW          761    .data               ble_conn_params.o
    0x20002150   0x0000004a   Data   RW          827    .data               ble_dis.o
    0x2000219a   0x00000002   PAD
    0x2000219c   0x00000018   Data   RW         1088    .data               device_manager_peripheral.o
    0x200021b4   0x00000024   Data   RW         1910    .data               pstorage.o
    0x200021d8   0x00000014   Data   RW         2121    .data               app_button.o
    0x200021ec   0x00000010   Data   RW         2317    .data               app_scheduler.o
    0x200021fc   0x00000020   Data   RW         2380    .data               app_timer.o
    0x2000221c   0x00000014   Data   RW         3038    .data               softdevice_handler.o
    0x20002230   0x00000004   Data   RW         3165    .data               system_nrf52.o
    0x20002234   0x00000020   Zero   RW           29    .bss                main.o
    0x20002254   0x000004a0   Zero   RW           30    .bss                main.o
    0x200026f4   0x00000020   Zero   RW          395    .bss                bsp.o
    0x20002714   0x00000020   Zero   RW          396    .bss                bsp.o
    0x20002734   0x0000000c   Zero   RW          397    .bss                bsp.o
    0x20002740   0x00000020   Zero   RW          398    .bss                bsp.o
    0x20002760   0x00000103   Zero   RW          630    .bss                ble_advertising.o
    0x20002863   0x00000001   PAD
    0x20002864   0x00000020   Zero   RW          758    .bss                ble_conn_params.o
    0x20002884   0x0000001c   Zero   RW          759    .bss                ble_conn_params.o
    0x200028a0   0x0000012b   Zero   RW         1085    .bss                device_manager_peripheral.o
    0x200029cb   0x00000001   PAD
    0x200029cc   0x00000058   Zero   RW         1497    .bss                nrf_drv_gpiote.o
    0x20002a24   0x00000020   Zero   RW         1696    .bss                nrf_drv_uart.o
    0x20002a44   0x000000d8   Zero   RW         1908    .bss                pstorage.o
    0x20002b1c   0x00000020   Zero   RW         2119    .bss                app_button.o
    0x20002b3c   0x00000058   Zero   RW         2615    .bss                fstorage.o
    0x20002b94   0x0000000c   Zero   RW         3037    .bss                softdevice_handler.o
    0x20002ba0   0x00002000   Zero   RW         3153    STACK               arm_startup_nrf52.o


==============================================================================

Image component sizes


      Code (inc. data)   RO Data    RW Data    ZI Data      Debug   Object Name

       332         34          8         20         32      10038   app_button.o
        22          0          0          0          0       2265   app_error.o
        36         10          0          0          0      27353   app_error_weak.o
       302         14          0         16          0       5667   app_scheduler.o
      1766         94          0         32          0      55775   app_timer.o
        48          6          0          0          0       2157   app_timer_appsh.o
       124         14          0          0          0       9206   app_util_platform.o
        36         10       1024          0       8192        892   arm_startup_nrf52.o
      1540          0          0          0          0      20524   ble_advdata.o
      1206         60          0         31        259      12485   ble_advertising.o
       612          0          0          0          0      13255   ble_bas.o
       436         54          4         20         60       7012   ble_conn_params.o
       578          8          0         74          0       5763   ble_dis.o
      2866          0          0          0          0      26702   ble_hids.o
        30          0          0          0          0       2256   ble_srv_common.o
      1136        108         60         24        108      10477   bsp.o
       260         10          0          8          0       4885   bsp_btn_ble.o
      3256        188         48         24        299      36311   device_manager_peripheral.o
        20          4          0          0         88       3820   fstorage.o
      2786        226         44        124       1216     138067   main.o
        56          0          0          0          0      28859   nrf_drv_common.o
      1062         92          0          0         88      24548   nrf_drv_gpiote.o
       684         56          0          0         32      21232   nrf_drv_uart.o
      2706        246         40         36        216      41266   pstorage.o
       104          0          0          0          0       3459   sensorsim.o
       454         52          0         20         12      40233   softdevice_handler.o
        34          6          0          0          0       2231   softdevice_handler_appsh.o
       604         42          0          4          0       2511   system_nrf52.o

    ----------------------------------------------------------------------
     23134       1334       1260        436      10604     559249   Object Totals
         0          0         32          0          0          0   (incl. Generated)
        38          0          0          3          2          0   (incl. Padding)

    ----------------------------------------------------------------------

      Code (inc. data)   RO Data    RW Data    ZI Data      Debug   Library Member Name

        58          0          0          0          0          0   __dczerorl.o
         0          0          0          0          0          0   entry.o
         0          0          0          0          0          0   entry10a.o
         0          0          0          0          0          0   entry11a.o
         8          4          0          0          0          0   entry2.o
         4          0          0          0          0          0   entry5.o
         0          0          0          0          0          0   entry7b.o
         0          0          0          0          0          0   entry8b.o
         8          4          0          0          0          0   entry9a.o
        30          0          0          0          0          0   handlers.o
        36          8          0          0          0         68   init.o
        26          0          0          0          0         80   memcmp.o
        36          0          0          0          0         68   memcpya.o
        36          0          0          0          0        108   memseta.o
        14          0          0          0          0         68   strlen.o

    ----------------------------------------------------------------------
       258         16          0          0          0        392   Library Totals
         2          0          0          0          0          0   (incl. Padding)

    ----------------------------------------------------------------------

      Code (inc. data)   RO Data    RW Data    ZI Data      Debug   Library Name

       256         16          0          0          0        392   mc_w.l

    ----------------------------------------------------------------------
       258         16          0          0          0        392   Library Totals

    ----------------------------------------------------------------------

==============================================================================


      Code (inc. data)   RO Data    RW Data    ZI Data      Debug   

     23392       1350       1260        436      10604     536221   Grand Totals
     23392       1350       1260        120      10604     536221   ELF Image Totals (compressed)
     23392       1350       1260        120          0          0   ROM Totals

==============================================================================

    Total RO  Size (Code + RO Data)                24652 (  24.07kB)
    Total RW  Size (RW Data + ZI Data)             11040 (  10.78kB)
    Total ROM Size (Code + RO Data + RW Data)      24772 (  24.19kB)

==============================================================================

